Archive member included to satisfy reference by file (symbol)

d:/mounriver/mounriver_studio/toolchain/risc-v embedded gcc/bin/../lib/gcc/riscv-none-embed/8.2.0\libgcc.a(divdf3.o)
                              ./User/main.o (__divdf3)
d:/mounriver/mounriver_studio/toolchain/risc-v embedded gcc/bin/../lib/gcc/riscv-none-embed/8.2.0\libgcc.a(subdf3.o)
                              ./User/main.o (__subdf3)
d:/mounriver/mounriver_studio/toolchain/risc-v embedded gcc/bin/../lib/gcc/riscv-none-embed/8.2.0\libgcc.a(floatunsidf.o)
                              ./User/main.o (__floatunsidf)
d:/mounriver/mounriver_studio/toolchain/risc-v embedded gcc/bin/../lib/gcc/riscv-none-embed/8.2.0\libgcc.a(extendsfdf2.o)
                              ./User/main.o (__extendsfdf2)
d:/mounriver/mounriver_studio/toolchain/risc-v embedded gcc/bin/../lib/gcc/riscv-none-embed/8.2.0\libgcc.a(truncdfsf2.o)
                              ./User/main.o (__truncdfsf2)
d:/mounriver/mounriver_studio/toolchain/risc-v embedded gcc/bin/../lib/gcc/riscv-none-embed/8.2.0\libgcc.a(save-restore.o)
                              ./User/main.o (__riscv_save_12)
d:/mounriver/mounriver_studio/toolchain/risc-v embedded gcc/bin/../lib/gcc/riscv-none-embed/8.2.0\libgcc.a(_clzsi2.o)
                              d:/mounriver/mounriver_studio/toolchain/risc-v embedded gcc/bin/../lib/gcc/riscv-none-embed/8.2.0\libgcc.a(divdf3.o) (__clzsi2)
d:/mounriver/mounriver_studio/toolchain/risc-v embedded gcc/bin/../lib/gcc/riscv-none-embed/8.2.0\libgcc.a(_clz.o)
                              d:/mounriver/mounriver_studio/toolchain/risc-v embedded gcc/bin/../lib/gcc/riscv-none-embed/8.2.0\libgcc.a(_clzsi2.o) (__clz_tab)
d:/mounriver/mounriver_studio/toolchain/risc-v embedded gcc/bin/../lib/gcc/riscv-none-embed/8.2.0/../../../../riscv-none-embed/lib\libg_nano.a(lib_a-memcpy.o)
                              ./FreeRTOS/queue.o (memcpy)
d:/mounriver/mounriver_studio/toolchain/risc-v embedded gcc/bin/../lib/gcc/riscv-none-embed/8.2.0/../../../../riscv-none-embed/lib\libg_nano.a(lib_a-memset.o)
                              ./FreeRTOS/stream_buffer.o (memset)
d:/mounriver/mounriver_studio/toolchain/risc-v embedded gcc/bin/../lib/gcc/riscv-none-embed/8.2.0/../../../../riscv-none-embed/lib\libg_nano.a(lib_a-nano-vfprintf_float.o)
                              (_printf_float)
d:/mounriver/mounriver_studio/toolchain/risc-v embedded gcc/bin/../lib/gcc/riscv-none-embed/8.2.0/../../../../riscv-none-embed/lib\libg_nano.a(lib_a-nano-vfprintf_i.o)
                              d:/mounriver/mounriver_studio/toolchain/risc-v embedded gcc/bin/../lib/gcc/riscv-none-embed/8.2.0/../../../../riscv-none-embed/lib\libg_nano.a(lib_a-nano-vfprintf_float.o) (_printf_common)
d:/mounriver/mounriver_studio/toolchain/risc-v embedded gcc/bin/../lib/gcc/riscv-none-embed/8.2.0/../../../../riscv-none-embed/lib\libg_nano.a(lib_a-printf.o)
                              ./User/main.o (printf)
d:/mounriver/mounriver_studio/toolchain/risc-v embedded gcc/bin/../lib/gcc/riscv-none-embed/8.2.0/../../../../riscv-none-embed/lib\libg_nano.a(lib_a-puts.o)
                              ./User/main.o (puts)
d:/mounriver/mounriver_studio/toolchain/risc-v embedded gcc/bin/../lib/gcc/riscv-none-embed/8.2.0/../../../../riscv-none-embed/lib\libg_nano.a(lib_a-snprintf.o)
                              ./User/main.o (sniprintf)
d:/mounriver/mounriver_studio/toolchain/risc-v embedded gcc/bin/../lib/gcc/riscv-none-embed/8.2.0/../../../../riscv-none-embed/lib\libg_nano.a(lib_a-strlen.o)
                              ./FreeRTOS/tasks.o (strlen)
d:/mounriver/mounriver_studio/toolchain/risc-v embedded gcc/bin/../lib/gcc/riscv-none-embed/8.2.0/../../../../riscv-none-embed/lib\libg_nano.a(lib_a-wbuf.o)
                              d:/mounriver/mounriver_studio/toolchain/risc-v embedded gcc/bin/../lib/gcc/riscv-none-embed/8.2.0/../../../../riscv-none-embed/lib\libg_nano.a(lib_a-puts.o) (__swbuf_r)
d:/mounriver/mounriver_studio/toolchain/risc-v embedded gcc/bin/../lib/gcc/riscv-none-embed/8.2.0/../../../../riscv-none-embed/lib\libg_nano.a(lib_a-wsetup.o)
                              d:/mounriver/mounriver_studio/toolchain/risc-v embedded gcc/bin/../lib/gcc/riscv-none-embed/8.2.0/../../../../riscv-none-embed/lib\libg_nano.a(lib_a-puts.o) (__swsetup_r)
d:/mounriver/mounriver_studio/toolchain/risc-v embedded gcc/bin/../lib/gcc/riscv-none-embed/8.2.0/../../../../riscv-none-embed/lib\libg_nano.a(lib_a-dtoa.o)
                              d:/mounriver/mounriver_studio/toolchain/risc-v embedded gcc/bin/../lib/gcc/riscv-none-embed/8.2.0/../../../../riscv-none-embed/lib\libg_nano.a(lib_a-nano-vfprintf_float.o) (_dtoa_r)
d:/mounriver/mounriver_studio/toolchain/risc-v embedded gcc/bin/../lib/gcc/riscv-none-embed/8.2.0/../../../../riscv-none-embed/lib\libg_nano.a(lib_a-fflush.o)
[...]
Memory Configuration

Name             Origin             Length             Attributes
FLASH            0x0000000000000000 0x0000000000048000 xr
RAM              0x0000000020000000 0x0000000000008000 xrw
*default*        0x0000000000000000 0xffffffffffffffff

Linker script and memory map

LOAD ./User/ch32v30x_it.o
LOAD ./User/main.o
LOAD ./User/system_ch32v30x.o
LOAD ./Startup/startup_ch32v30x_D8C.o
LOAD ./Peripheral/src/ch32v30x_adc.o
LOAD ./Peripheral/src/ch32v30x_bkp.o
LOAD ./Peripheral/src/ch32v30x_can.o
LOAD ./Peripheral/src/ch32v30x_crc.o
LOAD ./Peripheral/src/ch32v30x_dac.o
LOAD ./Peripheral/src/ch32v30x_dbgmcu.o
LOAD ./Peripheral/src/ch32v30x_dma.o
LOAD ./Peripheral/src/ch32v30x_dvp.o
LOAD ./Peripheral/src/ch32v30x_eth.o
LOAD ./Peripheral/src/ch32v30x_exti.o
LOAD ./Peripheral/src/ch32v30x_flash.o
LOAD ./Peripheral/src/ch32v30x_fsmc.o
LOAD ./Peripheral/src/ch32v30x_gpio.o
LOAD ./Peripheral/src/ch32v30x_i2c.o
LOAD ./Peripheral/src/ch32v30x_iwdg.o
LOAD ./Peripheral/src/ch32v30x_misc.o
LOAD ./Peripheral/src/ch32v30x_opa.o
LOAD ./Peripheral/src/ch32v30x_pwr.o
LOAD ./Peripheral/src/ch32v30x_rcc.o
LOAD ./Peripheral/src/ch32v30x_rng.o
LOAD ./Peripheral/src/ch32v30x_rtc.o
LOAD ./Peripheral/src/ch32v30x_sdio.o
LOAD ./Peripheral/src/ch32v30x_spi.o
LOAD ./Peripheral/src/ch32v30x_tim.o
LOAD ./Peripheral/src/ch32v30x_usart.o
LOAD ./Peripheral/src/ch32v30x_wwdg.o
LOAD ./FreeRTOS/portable/MemMang/heap_4.o
LOAD ./FreeRTOS/portable/GCC/RISC-V/port.o
LOAD ./FreeRTOS/portable/GCC/RISC-V/portASM.o
LOAD ./FreeRTOS/croutine.o
LOAD ./FreeRTOS/event_groups.o
LOAD ./FreeRTOS/list.o
LOAD ./FreeRTOS/queue.o
LOAD ./FreeRTOS/stream_buffer.o
LOAD ./FreeRTOS/tasks.o
LOAD ./FreeRTOS/timers.o
LOAD ./Debug/debug.o
LOAD ./Core/core_riscv.o
LOAD d:/mounriver/mounriver_studio/toolchain/risc-v embedded gcc/bin/../lib/gcc/riscv-none-embed/8.2.0/../../../../riscv-none-embed/lib\libm.a
LOAD d:/mounriver/mounriver_studio/toolchain/risc-v embedded gcc/bin/../lib/gcc/riscv-none-embed/8.2.0\libgcc.a
LOAD d:/mounriver/mounriver_studio/toolchain/risc-v embedded gcc/bin/../lib/gcc/riscv-none-embed/8.2.0/../../../../riscv-none-embed/lib\libg_nano.a
LOAD d:/mounriver/mounriver_studio/toolchain/risc-v embedded gcc/bin/../lib/gcc/riscv-none-embed/8.2.0/../../../../riscv-none-embed/lib\libc_nano.a
LOAD d:/mounriver/mounriver_studio/toolchain/risc-v embedded gcc/bin/../lib/gcc/riscv-none-embed/8.2.0\libgcc.a
START GROUP
LOAD d:/mounriver/mounriver_studio/toolchain/risc-v embedded gcc/bin/../lib/gcc/riscv-none-embed/8.2.0\libgcc.a
LOAD d:/mounriver/mounriver_studio/toolchain/risc-v embedded gcc/bin/../lib/gcc/riscv-none-embed/8.2.0/../../../../riscv-none-embed/lib\libc_nano.a
LOAD d:/mounriver/mounriver_studio/toolchain/risc-v embedded gcc/bin/../lib/gcc/riscv-none-embed/8.2.0/../../../../riscv-none-embed/lib\libnosys.a
END GROUP
START GROUP
LOAD d:/mounriver/mounriver_studio/toolchain/risc-v embedded gcc/bin/../lib/gcc/riscv-none-embed/8.2.0\libgcc.a
LOAD d:/mounriver/mounriver_studio/toolchain/risc-v embedded gcc/bin/../lib/gcc/riscv-none-embed/8.2.0/../../../../riscv-none-embed/lib\libc_nano.a
LOAD d:/mounriver/mounriver_studio/toolchain/risc-v embedded gcc/bin/../lib/gcc/riscv-none-embed/8.2.0/../../../../riscv-none-embed/lib\libnosys.a
END GROUP
                0x0000000000000800                __stack_size = 0x800
                [!provide]                        PROVIDE (_stack_size = __stack_size)

.init           0x0000000000000000       0x38
                0x0000000000000000                _sinit = .
                0x0000000000000000                . = ALIGN (0x4)
 *(SORT_NONE(.init))
 .init          0x0000000000000000       0x38 ./Startup/startup_ch32v30x_D8C.o
                0x0000000000000000                _start
                0x0000000000000038                . = ALIGN (0x4)
                0x0000000000000038                _einit = .

.vector         0x0000000000000038      0x1c8
 *(.vector)
 .vector        0x0000000000000038      0x1a0 ./Startup/startup_ch32v30x_D8C.o
                0x0000000000000200                . = ALIGN (0x40)
 *fill*         0x00000000000001d8       0x28 

.text           0x0000000000000200     0x853c
                0x0000000000000200                . = ALIGN (0x4)
 *(.text)
 .text          0x0000000000000200      0x2e6 ./FreeRTOS/portable/GCC/RISC-V/portASM.o
                0x0000000000000200                SW_Handler
                0x0000000000000300                xPortStartFirstTask
                0x0000000000000400                pxPortInitialiseStack
 .text          0x00000000000004e6       0x60 d:/mounriver/mounriver_studio/toolchain/risc-v embedded gcc/bin/../lib/gcc/riscv-none-embed/8.2.0\libgcc.a(save-restore.o)
                0x00000000000004e6                __riscv_save_12
                0x00000000000004ee                __riscv_save_9
                0x00000000000004ee                __riscv_save_11
                0x00000000000004ee                __riscv_save_10
                0x00000000000004ee                __riscv_save_8
                0x00000000000004fc                __riscv_save_4
                0x00000000000004fc                __riscv_save_6
                0x00000000000004fc                __riscv_save_5
                0x00000000000004fc                __riscv_save_7
                0x0000000000000516                __riscv_save_3
                0x0000000000000516                __riscv_save_2
                0x0000000000000516                __riscv_save_1
                0x0000000000000516                __riscv_save_0
                0x0000000000000522                __riscv_restore_12
                0x0000000000000526                __riscv_restore_11
                0x0000000000000526                __riscv_restore_9
                0x0000000000000526                __riscv_restore_10
                0x0000000000000526                __riscv_restore_8
                0x0000000000000530                __riscv_restore_5
                0x0000000000000530                __riscv_restore_7
                0x0000000000000530                __riscv_restore_6
                0x0000000000000530                __riscv_restore_4
                0x000000000000053a                __riscv_restore_3
                0x000000000000053a                __riscv_restore_0
                0x000000000000053a                __riscv_restore_2
                0x000000000000053a                __riscv_restore_1
 .text          0x0000000000000546       0xa8 d:/mounriver/mounriver_studio/toolchain/risc-v embedded gcc/bin/../lib/gcc/riscv-none-embed/8.2.0/../../../../riscv-none-embed/lib\libg_nano.a(lib_a-memset.o)
                0x0000000000000546                memset
 *(.text.*)
 .text.NMI_Handler
                0x00000000000005ee        0x4 ./User/ch32v30x_it.o
                0x00000000000005ee                NMI_Handler
 .text.HardFault_Handler
                0x00000000000005f2        0x2 ./User/ch32v30x_it.o
                0x00000000000005f2                HardFault_Handler
 .text.task2_task
                0x00000000000005f4       0x46 ./User/main.o
                0x00000000000005f4                task2_task
 .text.GPIO_Toggle_Init
                0x000000000000063a       0x32 ./User/main.o
                0x000000000000063a                GPIO_Toggle_Init
 .text.IIC_Init
                0x000000000000066c       0x84 ./User/main.o
                0x000000000000066c                IIC_Init
 .text.DHT20_Init
                0x00000000000006f0       0xec ./User/main.o
                0x00000000000006f0                DHT20_Init
 .text.DHT20_Data_Recieve
                0x00000000000007dc      0x18e ./User/main.o
                0x00000000000007dc                DHT20_Data_Recieve
 .text.Lcd_Write_Byte
                0x000000000000096a       0x94 ./User/main.o
                0x000000000000096a                Lcd_Write_Byte
 .text.Lcd_Toggle
                0x00000000000009fe       0x36 ./User/main.o
                0x00000000000009fe                Lcd_Toggle
 .text.Lcd_Write
                0x0000000000000a34       0x36 ./User/main.o
                0x0000000000000a34                Lcd_Write
 .text.Lcd_Clear
                0x0000000000000a6a        0xc ./User/main.o
                0x0000000000000a6a                Lcd_Clear
 .text.Lcd_Init
                0x0000000000000a76       0x46 ./User/main.o
                0x0000000000000a76                Lcd_Init
 .text.Lcd_String
                0x0000000000000abc       0x1a ./User/main.o
                0x0000000000000abc                Lcd_String
 .text.task1_task
                0x0000000000000ad6      0x118 ./User/main.o
                0x0000000000000ad6                task1_task
 .text.startup.main
                0x0000000000000bee       0xd2 ./User/main.o
                0x0000000000000bee                main
 .text.SystemInit
                0x0000000000000cc0       0xf8 ./User/system_ch32v30x.o
                0x0000000000000cc0                SystemInit
 .text.SystemCoreClockUpdate
                0x0000000000000db8       0xbe ./User/system_ch32v30x.o
                0x0000000000000db8                SystemCoreClockUpdate
 .text.vector_handler
                0x0000000000000e76       0xbe ./Startup/startup_ch32v30x_D8C.o
                0x0000000000000e7a                Ecall_M_Mode_Handler
                0x0000000000000e7c                Ecall_U_Mode_Handler
                0x0000000000000e7e                Break_Point_Handler
                0x0000000000000e84                WWDG_IRQHandler
                0x0000000000000e86                PVD_IRQHandler
                0x0000000000000e88                TAMPER_IRQHandler
                0x0000000000000e8a                RTC_IRQHandler
                0x0000000000000e8c                FLASH_IRQHandler
                0x0000000000000e8e                RCC_IRQHandler
                0x0000000000000e90                EXTI0_IRQHandler
                0x0000000000000e92                EXTI1_IRQHandler
                0x0000000000000e94                EXTI2_IRQHandler
                0x0000000000000e96                EXTI3_IRQHandler
                0x0000000000000e98                EXTI4_IRQHandler
                0x0000000000000e9a                DMA1_Channel1_IRQHandler
                0x0000000000000e9c                DMA1_Channel2_IRQHandler
                0x0000000000000e9e                DMA1_Channel3_IRQHandler
                0x0000000000000ea0                DMA1_Channel4_IRQHandler
                0x0000000000000ea2                DMA1_Channel5_IRQHandler
                0x0000000000000ea4                DMA1_Channel6_IRQHandler
                0x0000000000000ea6                DMA1_Channel7_IRQHandler
                0x0000000000000ea8                ADC1_2_IRQHandler
                0x0000000000000eaa                USB_HP_CAN1_TX_IRQHandler
                0x0000000000000eac                USB_LP_CAN1_RX0_IRQHandler
                0x0000000000000eae                CAN1_RX1_IRQHandler
                0x0000000000000eb0                CAN1_SCE_IRQHandler
                0x0000000000000eb2                EXTI9_5_IRQHandler
                0x0000000000000eb4                TIM1_BRK_IRQHandler
                0x0000000000000eb6                TIM1_UP_IRQHandler
                0x0000000000000eb8                TIM1_TRG_COM_IRQHandler
                0x0000000000000eba                TIM1_CC_IRQHandler
                0x0000000000000ebc                TIM2_IRQHandler
                0x0000000000000ebe                TIM3_IRQHandler
                0x0000000000000ec0                TIM4_IRQHandler
                0x0000000000000ec2                I2C1_EV_IRQHandler
                0x0000000000000ec4                I2C1_ER_IRQHandler
                0x0000000000000ec6                I2C2_EV_IRQHandler
                0x0000000000000ec8                I2C2_ER_IRQHandler
                0x0000000000000eca                SPI1_IRQHandler
                0x0000000000000ecc                SPI2_IRQHandler
                0x0000000000000ece                USART1_IRQHandler
                0x0000000000000ed0                USART2_IRQHandler
                0x0000000000000ed2                USART3_IRQHandler
                0x0000000000000ed4                EXTI15_10_IRQHandler
                0x0000000000000ed6                RTCAlarm_IRQHandler
                0x0000000000000ed8                USBWakeUp_IRQHandler
                0x0000000000000eda                TIM8_BRK_IRQHandler
                0x0000000000000edc                TIM8_UP_IRQHandler
                0x0000000000000ede                TIM8_TRG_COM_IRQHandler
                0x0000000000000ee0                TIM8_CC_IRQHandler
                0x0000000000000ee2                RNG_IRQHandler
                0x0000000000000ee4                FSMC_IRQHandler
                0x0000000000000ee6                SDIO_IRQHandler
                0x0000000000000ee8                TIM5_IRQHandler
                0x0000000000000eea                SPI3_IRQHandler
                0x0000000000000eec                UART4_IRQHandler
                0x0000000000000eee                UART5_IRQHandler
                0x0000000000000ef0                TIM6_IRQHandler
                0x0000000000000ef2                TIM7_IRQHandler
                0x0000000000000ef4                DMA2_Channel1_IRQHandler
                0x0000000000000ef6                DMA2_Channel2_IRQHandler
                0x0000000000000ef8                DMA2_Channel3_IRQHandler
                0x0000000000000efa                DMA2_Channel4_IRQHandler
                0x0000000000000efc                DMA2_Channel5_IRQHandler
                0x0000000000000efe                ETH_IRQHandler
                0x0000000000000f00                ETH_WKUP_IRQHandler
                0x0000000000000f02                CAN2_TX_IRQHandler
                0x0000000000000f04                CAN2_RX0_IRQHandler
                0x0000000000000f06                CAN2_RX1_IRQHandler
                0x0000000000000f08                CAN2_SCE_IRQHandler
                0x0000000000000f0a                OTG_FS_IRQHandler
                0x0000000000000f0c                USBHSWakeup_IRQHandler
                0x0000000000000f0e                USBHS_IRQHandler
                0x0000000000000f10                DVP_IRQHandler
                0x0000000000000f12                UART6_IRQHandler
                0x0000000000000f14                UART7_IRQHandler
                0x0000000000000f16                UART8_IRQHandler
                0x0000000000000f18                TIM9_BRK_IRQHandler
                0x0000000000000f1a                TIM9_UP_IRQHandler
                0x0000000000000f1c                TIM9_TRG_COM_IRQHandler
                0x0000000000000f1e                TIM9_CC_IRQHandler
                0x0000000000000f20                TIM10_BRK_IRQHandler
                0x0000000000000f22                TIM10_UP_IRQHandler
                0x0000000000000f24                TIM10_TRG_COM_IRQHandler
                0x0000000000000f26                TIM10_CC_IRQHandler
                0x0000000000000f28                DMA2_Channel6_IRQHandler
                0x0000000000000f2a                DMA2_Channel7_IRQHandler
                0x0000000000000f2c                DMA2_Channel8_IRQHandler
                0x0000000000000f2e                DMA2_Channel9_IRQHandler
                0x0000000000000f30                DMA2_Channel10_IRQHandler
                0x0000000000000f32                DMA2_Channel11_IRQHandler
 .text.handle_reset
                0x0000000000000f34       0x92 ./Startup/startup_ch32v30x_D8C.o
                0x0000000000000f34                handle_reset
 .text.DBGMCU_GetCHIPID
                0x0000000000000fc6        0xa ./Peripheral/src/ch32v30x_dbgmcu.o
                0x0000000000000fc6                DBGMCU_GetCHIPID
 .text.GPIO_Init
                0x0000000000000fd0       0xc0 ./Peripheral/src/ch32v30x_gpio.o
                0x0000000000000fd0                GPIO_Init
 .text.GPIO_SetBits
                0x0000000000001090        0x4 ./Peripheral/src/ch32v30x_gpio.o
                0x0000000000001090                GPIO_SetBits
 .text.GPIO_ResetBits
                0x0000000000001094        0x4 ./Peripheral/src/ch32v30x_gpio.o
                0x0000000000001094                GPIO_ResetBits
 .text.I2C_Init
                0x0000000000001098       0xf2 ./Peripheral/src/ch32v30x_i2c.o
                0x0000000000001098                I2C_Init
 .text.I2C_Cmd  0x000000000000118a       0x18 ./Peripheral/src/ch32v30x_i2c.o
                0x000000000000118a                I2C_Cmd
 .text.I2C_GenerateSTART
                0x00000000000011a2       0x1a ./Peripheral/src/ch32v30x_i2c.o
                0x00000000000011a2                I2C_GenerateSTART
 .text.I2C_GenerateSTOP
                0x00000000000011bc       0x1a ./Peripheral/src/ch32v30x_i2c.o
                0x00000000000011bc                I2C_GenerateSTOP
 .text.I2C_AcknowledgeConfig
                0x00000000000011d6       0x1a ./Peripheral/src/ch32v30x_i2c.o
                0x00000000000011d6                I2C_AcknowledgeConfig
 .text.I2C_SendData
                0x00000000000011f0        0x4 ./Peripheral/src/ch32v30x_i2c.o
                0x00000000000011f0                I2C_SendData
 .text.I2C_ReceiveData
                0x00000000000011f4        0x8 ./Peripheral/src/ch32v30x_i2c.o
                0x00000000000011f4                I2C_ReceiveData
 .text.I2C_Send7bitAddress
                0x00000000000011fc       0x12 ./Peripheral/src/ch32v30x_i2c.o
                0x00000000000011fc                I2C_Send7bitAddress
 .text.I2C_CheckEvent
                0x000000000000120e       0x16 ./Peripheral/src/ch32v30x_i2c.o
                0x000000000000120e                I2C_CheckEvent
 .text.I2C_GetFlagStatus
                0x0000000000001224       0x32 ./Peripheral/src/ch32v30x_i2c.o
                0x0000000000001224                I2C_GetFlagStatus
 .text.RCC_GetClocksFreq
                0x0000000000001256      0x176 ./Peripheral/src/ch32v30x_rcc.o
                0x0000000000001256                RCC_GetClocksFreq
 .text.RCC_APB2PeriphClockCmd
                0x00000000000013cc       0x1e ./Peripheral/src/ch32v30x_rcc.o
                0x00000000000013cc                RCC_APB2PeriphClockCmd
 .text.RCC_APB1PeriphClockCmd
                0x00000000000013ea       0x1e ./Peripheral/src/ch32v30x_rcc.o
                0x00000000000013ea                RCC_APB1PeriphClockCmd
 .text.USART_Init
                0x0000000000001408       0xba ./Peripheral/src/ch32v30x_usart.o
                0x0000000000001408                USART_Init
 .text.USART_Cmd
                0x00000000000014c2       0x16 ./Peripheral/src/ch32v30x_usart.o
                0x00000000000014c2                USART_Cmd
 .text.USART_SendData
                0x00000000000014d8        0x8 ./Peripheral/src/ch32v30x_usart.o
                0x00000000000014d8                USART_SendData
 .text.USART_GetFlagStatus
                0x00000000000014e0        0xa ./Peripheral/src/ch32v30x_usart.o
                0x00000000000014e0                USART_GetFlagStatus
 .text.prvInsertBlockIntoFreeList
                0x00000000000014ea       0x4c ./FreeRTOS/portable/MemMang/heap_4.o
 .text.pvPortMalloc
                0x0000000000001536      0x18a ./FreeRTOS/portable/MemMang/heap_4.o
                0x0000000000001536                pvPortMalloc
 .text.vPortFree
                0x00000000000016c0       0xa6 ./FreeRTOS/portable/MemMang/heap_4.o
                0x00000000000016c0                vPortFree
 .text.vPortSetupTimerInterrupt
                0x0000000000001766       0x3e ./FreeRTOS/portable/GCC/RISC-V/port.o
                0x0000000000001766                vPortSetupTimerInterrupt
 .text.xPortStartScheduler
                0x00000000000017a4       0x8e ./FreeRTOS/portable/GCC/RISC-V/port.o
                0x00000000000017a4                xPortStartScheduler
 .text.SysTick_Handler
                0x0000000000001832       0xbc ./FreeRTOS/portable/GCC/RISC-V/port.o
                0x0000000000001832                SysTick_Handler
 .text.vPortEnterCritical
                0x00000000000018ee       0x16 ./FreeRTOS/portable/GCC/RISC-V/port.o
                0x00000000000018ee                vPortEnterCritical
 .text.vPortExitCritical
                0x0000000000001904       0x42 ./FreeRTOS/portable/GCC/RISC-V/port.o
                0x0000000000001904                vPortExitCritical
 .text.vListInitialise
                0x0000000000001946       0x14 ./FreeRTOS/list.o
                0x0000000000001946                vListInitialise
 .text.vListInitialiseItem
                0x000000000000195a        0x6 ./FreeRTOS/list.o
                0x000000000000195a                vListInitialiseItem
 .text.vListInsert
                0x0000000000001960       0x2e ./FreeRTOS/list.o
                0x0000000000001960                vListInsert
 .text.uxListRemove
                0x000000000000198e       0x20 ./FreeRTOS/list.o
                0x000000000000198e                uxListRemove
 .text.prvIsQueueEmpty
                0x00000000000019ae       0x1a ./FreeRTOS/queue.o
 .text.prvCopyDataFromQueue
                0x00000000000019c8       0x28 ./FreeRTOS/queue.o
 .text.prvUnlockQueue
                0x00000000000019f0       0x6e ./FreeRTOS/queue.o
 .text.xQueueGenericReset
                0x0000000000001a5e       0xbc ./FreeRTOS/queue.o
                0x0000000000001a5e                xQueueGenericReset
 .text.xQueueGenericCreate
                0x0000000000001b1a       0x6c ./FreeRTOS/queue.o
                0x0000000000001b1a                xQueueGenericCreate
 .text.xQueueReceive
                0x0000000000001b86      0x146 ./FreeRTOS/queue.o
                0x0000000000001b86                xQueueReceive
 .text.vQueueAddToRegistry
                0x0000000000001ccc       0x6c ./FreeRTOS/queue.o
                0x0000000000001ccc                vQueueAddToRegistry
 .text.vQueueWaitForMessageRestricted
                0x0000000000001d38       0x5a ./FreeRTOS/queue.o
                0x0000000000001d38                vQueueWaitForMessageRestricted
 .text.prvResetNextTaskUnblockTime
                0x0000000000001d92       0x24 ./FreeRTOS/tasks.o
 .text.prvAddCurrentTaskToDelayedList
                0x0000000000001db6       0xa6 ./FreeRTOS/tasks.o
 .text.prvIdleTask
                0x0000000000001e5c       0x52 ./FreeRTOS/tasks.o
 .text.xTaskCreate
                0x0000000000001eae      0x218 ./FreeRTOS/tasks.o
                0x0000000000001eae                xTaskCreate
 .text.vTaskStartScheduler
                0x00000000000020c6       0x90 ./FreeRTOS/tasks.o
                0x00000000000020c6                vTaskStartScheduler
 .text.vTaskSuspendAll
                0x0000000000002156       0x10 ./FreeRTOS/tasks.o
                0x0000000000002156                vTaskSuspendAll
 .text.xTaskGetTickCount
                0x0000000000002166        0xa ./FreeRTOS/tasks.o
                0x0000000000002166                xTaskGetTickCount
 .text.xTaskIncrementTick
                0x0000000000002170      0x1ac ./FreeRTOS/tasks.o
                0x0000000000002170                xTaskIncrementTick
 .text.xTaskResumeAll
                0x000000000000231c      0x166 ./FreeRTOS/tasks.o
                0x000000000000231c                xTaskResumeAll
 .text.xTaskDelayUntil
                0x0000000000002482       0xd0 ./FreeRTOS/tasks.o
                0x0000000000002482                xTaskDelayUntil
 .text.vTaskSwitchContext
                0x0000000000002552       0x9a ./FreeRTOS/tasks.o
                0x0000000000002552                vTaskSwitchContext
 .text.vTaskPlaceOnEventList
                0x00000000000025ec       0x48 ./FreeRTOS/tasks.o
                0x00000000000025ec                vTaskPlaceOnEventList
 .text.vTaskPlaceOnEventListRestricted
                0x0000000000002634       0x76 ./FreeRTOS/tasks.o
                0x0000000000002634                vTaskPlaceOnEventListRestricted
 .text.xTaskRemoveFromEventList
                0x00000000000026aa       0xec ./FreeRTOS/tasks.o
                0x00000000000026aa                xTaskRemoveFromEventList
 .text.vTaskInternalSetTimeOutState
                0x0000000000002796       0x16 ./FreeRTOS/tasks.o
                0x0000000000002796                vTaskInternalSetTimeOutState
 .text.xTaskCheckForTimeOut
                0x00000000000027ac       0xc8 ./FreeRTOS/tasks.o
                0x00000000000027ac                xTaskCheckForTimeOut
 .text.vTaskMissedYield
                0x0000000000002874        0xc ./FreeRTOS/tasks.o
                0x0000000000002874                vTaskMissedYield
 .text.xTaskGetSchedulerState
                0x0000000000002880       0x1c ./FreeRTOS/tasks.o
                0x0000000000002880                xTaskGetSchedulerState
 .text.prvCheckForValidListAndQueue
                0x000000000000289c       0x66 ./FreeRTOS/timers.o
 .text.prvInsertTimerInActiveList
                0x0000000000002902       0x46 ./FreeRTOS/timers.o
 .text.prvReloadTimer
                0x0000000000002948       0x28 ./FreeRTOS/timers.o
 .text.prvProcessExpiredTimer
                0x0000000000002970       0x44 ./FreeRTOS/timers.o
 .text.prvSwitchTimerLists
                0x00000000000029b4       0x2e ./FreeRTOS/timers.o
 .text.prvTimerTask
                0x00000000000029e2      0x18e ./FreeRTOS/timers.o
 .text.xTimerCreateTimerTask
                0x0000000000002b70       0x60 ./FreeRTOS/timers.o
                0x0000000000002b70                xTimerCreateTimerTask
 .text.USART_Printf_Init
                0x0000000000002bd0       0x5a ./Debug/debug.o
                0x0000000000002bd0                USART_Printf_Init
 .text._write   0x0000000000002c2a       0x3e ./Debug/debug.o
                0x0000000000002c2a                _write
 .text._sbrk    0x0000000000002c68       0x2a ./Debug/debug.o
                0x0000000000002c68                _sbrk
 .text.__divdf3
                0x0000000000002c92      0x5b4 d:/mounriver/mounriver_studio/toolchain/risc-v embedded gcc/bin/../lib/gcc/riscv-none-embed/8.2.0\libgcc.a(divdf3.o)
                0x0000000000002c92                __divdf3
 .text.__subdf3
                0x0000000000003246      0x73c d:/mounriver/mounriver_studio/toolchain/risc-v embedded gcc/bin/../lib/gcc/riscv-none-embed/8.2.0\libgcc.a(subdf3.o)
                0x0000000000003246                __subdf3
 .text.__floatunsidf
                0x0000000000003982       0x66 d:/mounriver/mounriver_studio/toolchain/risc-v embedded gcc/bin/../lib/gcc/riscv-none-embed/8.2.0\libgcc.a(floatunsidf.o)
                0x0000000000003982                __floatunsidf
 .text.__extendsfdf2
                0x00000000000039e8       0xac d:/mounriver/mounriver_studio/toolchain/risc-v embedded gcc/bin/../lib/gcc/riscv-none-embed/8.2.0\libgcc.a(extendsfdf2.o)
                0x00000000000039e8                __extendsfdf2
 .text.__truncdfsf2
                0x0000000000003a94      0x16a d:/mounriver/mounriver_studio/toolchain/risc-v embedded gcc/bin/../lib/gcc/riscv-none-embed/8.2.0\libgcc.a(truncdfsf2.o)
                0x0000000000003a94                __truncdfsf2
 .text.__clzsi2
                0x0000000000003bfe       0x76 d:/mounriver/mounriver_studio/toolchain/risc-v embedded gcc/bin/../lib/gcc/riscv-none-embed/8.2.0\libgcc.a(_clzsi2.o)
                0x0000000000003bfe                __clzsi2
 .text.memcpy   0x0000000000003c74       0xb6 d:/mounriver/mounriver_studio/toolchain/risc-v embedded gcc/bin/../lib/gcc/riscv-none-embed/8.2.0/../../../../riscv-none-embed/lib\libg_nano.a(lib_a-memcpy.o)
                0x0000000000003c74                memcpy
 .text.__cvt    0x0000000000003d2a       0xee d:/mounriver/mounriver_studio/toolchain/risc-v embedded gcc/bin/../lib/gcc/riscv-none-embed/8.2.0/../../../../riscv-none-embed/lib\libg_nano.a(lib_a-nano-vfprintf_float.o)
                0x0000000000003d2a                __cvt
 .text.__exponent
                0x0000000000003e18       0x8c d:/mounriver/mounriver_studio/toolchain/risc-v embedded gcc/bin/../lib/gcc/riscv-none-embed/8.2.0/../../../../riscv-none-embed/lib\libg_nano.a(lib_a-nano-vfprintf_float.o)
                0x0000000000003e18                __exponent
 .text._printf_float
                0x0000000000003ea4      0x4c4 d:/mounriver/mounriver_studio/toolchain/risc-v embedded gcc/bin/../lib/gcc/riscv-none-embed/8.2.0/../../../../riscv-none-embed/lib\libg_nano.a(lib_a-nano-vfprintf_float.o)
                0x0000000000003ea4                _printf_float
 .text._printf_common
                0x0000000000004368      0x10c d:/mounriver/mounriver_studio/toolchain/risc-v embedded gcc/bin/../lib/gcc/riscv-none-embed/8.2.0/../../../../riscv-none-embed/lib\libg_nano.a(lib_a-nano-vfprintf_i.o)
                0x0000000000004368                _printf_common
 .text._printf_i
                0x0000000000004474      0x2ac d:/mounriver/mounriver_studio/toolchain/risc-v embedded gcc/bin/../lib/gcc/riscv-none-embed/8.2.0/../../../../riscv-none-embed/lib\libg_nano.a(lib_a-nano-vfprintf_i.o)
                0x0000000000004474                _printf_i
 .text.printf   0x0000000000004720       0x42 d:/mounriver/mounriver_studio/toolchain/risc-v embedded gcc/bin/../lib/gcc/riscv-none-embed/8.2.0/../../../../riscv-none-embed/lib\libg_nano.a(lib_a-printf.o)
                0x0000000000004720                iprintf
                0x0000000000004720                printf
 .text._puts_r  0x0000000000004762       0xde d:/mounriver/mounriver_studio/toolchain/risc-v embedded gcc/bin/../lib/gcc/riscv-none-embed/8.2.0/../../../../riscv-none-embed/lib\libg_nano.a(lib_a-puts.o)
                0x0000000000004762                _puts_r
 .text.puts     0x0000000000004840        0xa d:/mounriver/mounriver_studio/toolchain/risc-v embedded gcc/bin/../lib/gcc/riscv-none-embed/8.2.0/../../../../riscv-none-embed/lib\libg_nano.a(lib_a-puts.o)
                0x0000000000004840                puts
 .text.snprintf
                0x000000000000484a       0x70 d:/mounriver/mounriver_studio/toolchain/risc-v embedded gcc/bin/../lib/gcc/riscv-none-embed/8.2.0/../../../../riscv-none-embed/lib\libg_nano.a(lib_a-snprintf.o)
                0x000000000000484a                sniprintf
                0x000000000000484a                snprintf
 .text.strlen   0x00000000000048ba       0x12 d:/mounriver/mounriver_studio/toolchain/risc-v embedded gcc/bin/../lib/gcc/riscv-none-embed/8.2.0/../../../../riscv-none-embed/lib\libg_nano.a(lib_a-strlen.o)
                0x00000000000048ba                strlen
 .text.__swbuf_r
                0x00000000000048cc       0xc6 d:/mounriver/mounriver_studio/toolchain/risc-v embedded gcc/bin/../lib/gcc/riscv-none-embed/8.2.0/../../../../riscv-none-embed/lib\libg_nano.a(lib_a-wbuf.o)
                0x00000000000048cc                __swbuf_r
 .text.__swsetup_r
                0x0000000000004992      0x112 d:/mounriver/mounriver_studio/toolchain/risc-v embedded gcc/bin/../lib/gcc/riscv-none-embed/8.2.0/../../../../riscv-none-embed/lib\libg_nano.a(lib_a-wsetup.o)
                0x0000000000004992                __swsetup_r
 .text.quorem   0x0000000000004aa4      0x13a d:/mounriver/mounriver_studio/toolchain/risc-v embedded gcc/bin/../lib/gcc/riscv-none-embed/8.2.0/../../../../riscv-none-embed/lib\libg_nano.a(lib_a-dtoa.o)
 .text._dtoa_r  0x0000000000004bde      0xc1e d:/mounriver/mounriver_studio/toolchain/risc-v embedded gcc/bin/../lib/gcc/riscv-none-embed/8.2.0/../../../../riscv-none-embed/lib\libg_nano.a(lib_a-dtoa.o)
                0x0000000000004bde                _dtoa_r
 .text.__sflush_r
                0x00000000000057fc      0x13e d:/mounriver/mounriver_studio/toolchain/risc-v embedded gcc/bin/../lib/gcc/riscv-none-embed/8.2.0/../../../../riscv-none-embed/lib\libg_nano.a(lib_a-fflush.o)
                0x00000000000057fc                __sflush_r
 .text._fflush_r
                0x000000000000593a       0x66 d:/mounriver/mounriver_studio/toolchain/risc-v embedded gcc/bin/../lib/gcc/riscv-none-embed/8.2.0/../../../../riscv-none-embed/lib\libg_nano.a(lib_a-fflush.o)
                0x000000000000593a                _fflush_r
 .text.std      0x00000000000059a0       0x6a d:/mounriver/mounriver_studio/toolchain/risc-v embedded gcc/bin/../lib/gcc/riscv-none-embed/8.2.0/../../../../riscv-none-embed/lib\libg_nano.a(lib_a-findfp.o)
 .text._cleanup_r
                0x0000000000005a0a        0xa d:/mounriver/mounriver_studio/toolchain/risc-v embedded gcc/bin/../lib/gcc/riscv-none-embed/8.2.0/../../../../riscv-none-embed/lib\libg_nano.a(lib_a-findfp.o)
                0x0000000000005a0a                _cleanup_r
 .text.__sfmoreglue
                0x0000000000005a14       0x48 d:/mounriver/mounriver_studio/toolchain/risc-v embedded gcc/bin/../lib/gcc/riscv-none-embed/8.2.0/../../../../riscv-none-embed/lib\libg_nano.a(lib_a-findfp.o)
                0x0000000000005a14                __sfmoreglue
 .text.__sinit  0x0000000000005a5c       0x6c d:/mounriver/mounriver_studio/toolchain/risc-v embedded gcc/bin/../lib/gcc/riscv-none-embed/8.2.0/../../../../riscv-none-embed/lib\libg_nano.a(lib_a-findfp.o)
                0x0000000000005a5c                __sinit
 .text.__sfp    0x0000000000005ac8       0xa0 d:/mounriver/mounriver_studio/toolchain/risc-v embedded gcc/bin/../lib/gcc/riscv-none-embed/8.2.0/../../../../riscv-none-embed/lib\libg_nano.a(lib_a-findfp.o)
                0x0000000000005ac8                __sfp
 .text._fwalk_reent
                0x0000000000005b68       0x6c d:/mounriver/mounriver_studio/toolchain/risc-v embedded gcc/bin/../lib/gcc/riscv-none-embed/8.2.0/../../../../riscv-none-embed/lib\libg_nano.a(lib_a-fwalk.o)
                0x0000000000005b68                _fwalk_reent
 .text._localeconv_r
                0x0000000000005bd4       0x18 d:/mounriver/mounriver_studio/toolchain/risc-v embedded gcc/bin/../lib/gcc/riscv-none-embed/8.2.0/../../../../riscv-none-embed/lib\libg_nano.a(lib_a-localeconv.o)
                0x0000000000005bd4                _localeconv_r
 .text.__swhatbuf_r
                0x0000000000005bec       0x5a d:/mounriver/mounriver_studio/toolchain/risc-v embedded gcc/bin/../lib/gcc/riscv-none-embed/8.2.0/../../../../riscv-none-embed/lib\libg_nano.a(lib_a-makebuf.o)
                0x0000000000005bec                __swhatbuf_r
 .text.__smakebuf_r
                0x0000000000005c46       0xa2 d:/mounriver/mounriver_studio/toolchain/risc-v embedded gcc/bin/../lib/gcc/riscv-none-embed/8.2.0/../../../../riscv-none-embed/lib\libg_nano.a(lib_a-makebuf.o)
                0x0000000000005c46                __smakebuf_r
 .text.malloc   0x0000000000005ce8        0xc d:/mounriver/mounriver_studio/toolchain/risc-v embedded gcc/bin/../lib/gcc/riscv-none-embed/8.2.0/../../../../riscv-none-embed/lib\libg_nano.a(lib_a-malloc.o)
                0x0000000000005ce8                malloc
 .text.memchr   0x0000000000005cf4       0x1a d:/mounriver/mounriver_studio/toolchain/risc-v embedded gcc/bin/../lib/gcc/riscv-none-embed/8.2.0/../../../../riscv-none-embed/lib\libg_nano.a(lib_a-memchr.o)
                0x0000000000005cf4                memchr
 .text._Balloc  0x0000000000005d0e       0x88 d:/mounriver/mounriver_studio/toolchain/risc-v embedded gcc/bin/../lib/gcc/riscv-none-embed/8.2.0/../../../../riscv-none-embed/lib\libg_nano.a(lib_a-mprec.o)
                0x0000000000005d0e                _Balloc
 .text._Bfree   0x0000000000005d96       0x44 d:/mounriver/mounriver_studio/toolchain/risc-v embedded gcc/bin/../lib/gcc/riscv-none-embed/8.2.0/../../../../riscv-none-embed/lib\libg_nano.a(lib_a-mprec.o)
                0x0000000000005d96                _Bfree
 .text.__multadd
                0x0000000000005dda       0x98 d:/mounriver/mounriver_studio/toolchain/risc-v embedded gcc/bin/../lib/gcc/riscv-none-embed/8.2.0/../../../../riscv-none-embed/lib\libg_nano.a(lib_a-mprec.o)
                0x0000000000005dda                __multadd
 .text.__hi0bits
                0x0000000000005e72       0x46 d:/mounriver/mounriver_studio/toolchain/risc-v embedded gcc/bin/../lib/gcc/riscv-none-embed/8.2.0/../../../../riscv-none-embed/lib\libg_nano.a(lib_a-mprec.o)
                0x0000000000005e72                __hi0bits
 .text.__lo0bits
                0x0000000000005eb8       0x6a d:/mounriver/mounriver_studio/toolchain/risc-v embedded gcc/bin/../lib/gcc/riscv-none-embed/8.2.0/../../../../riscv-none-embed/lib\libg_nano.a(lib_a-mprec.o)
                0x0000000000005eb8                __lo0bits
 .text.__i2b    0x0000000000005f22       0x1c d:/mounriver/mounriver_studio/toolchain/risc-v embedded gcc/bin/../lib/gcc/riscv-none-embed/8.2.0/../../../../riscv-none-embed/lib\libg_nano.a(lib_a-mprec.o)
                0x0000000000005f22                __i2b
 .text.__multiply
                0x0000000000005f3e      0x144 d:/mounriver/mounriver_studio/toolchain/risc-v embedded gcc/bin/../lib/gcc/riscv-none-embed/8.2.0/../../../../riscv-none-embed/lib\libg_nano.a(lib_a-mprec.o)
                0x0000000000005f3e                __multiply
 .text.__pow5mult
                0x0000000000006082       0xbe d:/mounriver/mounriver_studio/toolchain/risc-v embedded gcc/bin/../lib/gcc/riscv-none-embed/8.2.0/../../../../riscv-none-embed/lib\libg_nano.a(lib_a-mprec.o)
                0x0000000000006082                __pow5mult
 .text.__lshift
                0x0000000000006140       0xce d:/mounriver/mounriver_studio/toolchain/risc-v embedded gcc/bin/../lib/gcc/riscv-none-embed/8.2.0/../../../../riscv-none-embed/lib\libg_nano.a(lib_a-mprec.o)
                0x0000000000006140                __lshift
 .text.__mcmp   0x000000000000620e       0x32 d:/mounriver/mounriver_studio/toolchain/risc-v embedded gcc/bin/../lib/gcc/riscv-none-embed/8.2.0/../../../../riscv-none-embed/lib\libg_nano.a(lib_a-mprec.o)
                0x000000000000620e                __mcmp
 .text.__mdiff  0x0000000000006240       0xf2 d:/mounriver/mounriver_studio/toolchain/risc-v embedded gcc/bin/../lib/gcc/riscv-none-embed/8.2.0/../../../../riscv-none-embed/lib\libg_nano.a(lib_a-mprec.o)
                0x0000000000006240                __mdiff
 .text.__d2b    0x0000000000006332       0xd4 d:/mounriver/mounriver_studio/toolchain/risc-v embedded gcc/bin/../lib/gcc/riscv-none-embed/8.2.0/../../../../riscv-none-embed/lib\libg_nano.a(lib_a-mprec.o)
                0x0000000000006332                __d2b
 .text._calloc_r
                0x0000000000006406       0x26 d:/mounriver/mounriver_studio/toolchain/risc-v embedded gcc/bin/../lib/gcc/riscv-none-embed/8.2.0/../../../../riscv-none-embed/lib\libg_nano.a(lib_a-nano-callocr.o)
                0x0000000000006406                _calloc_r
 .text._free_r  0x000000000000642c       0xb0 d:/mounriver/mounriver_studio/toolchain/risc-v embedded gcc/bin/../lib/gcc/riscv-none-embed/8.2.0/../../../../riscv-none-embed/lib\libg_nano.a(lib_a-nano-freer.o)
                0x000000000000642c                _free_r
 .text._malloc_r
                0x00000000000064dc       0xe4 d:/mounriver/mounriver_studio/toolchain/risc-v embedded gcc/bin/../lib/gcc/riscv-none-embed/8.2.0/../../../../riscv-none-embed/lib\libg_nano.a(lib_a-nano-mallocr.o)
                0x00000000000064dc                _malloc_r
 .text.__ssputs_r
                0x00000000000065c0       0xee d:/mounriver/mounriver_studio/toolchain/risc-v embedded gcc/bin/../lib/gcc/riscv-none-embed/8.2.0/../../../../riscv-none-embed/lib\libg_nano.a(lib_a-nano-svfprintf.o)
                0x00000000000065c0                __ssputs_r
 .text._svfprintf_r
                0x00000000000066ae      0x27e d:/mounriver/mounriver_studio/toolchain/risc-v embedded gcc/bin/../lib/gcc/riscv-none-embed/8.2.0/../../../../riscv-none-embed/lib\libg_nano.a(lib_a-nano-svfprintf.o)
                0x00000000000066ae                _svfiprintf_r
                0x00000000000066ae                _svfprintf_r
 .text.__sfputc_r
                0x000000000000692c       0x2a d:/mounriver/mounriver_studio/toolchain/risc-v embedded gcc/bin/../lib/gcc/riscv-none-embed/8.2.0/../../../../riscv-none-embed/lib\libg_nano.a(lib_a-nano-vfprintf.o)
 .text.__sfputs_r
                0x0000000000006956       0x44 d:/mounriver/mounriver_studio/toolchain/risc-v embedded gcc/bin/../lib/gcc/riscv-none-embed/8.2.0/../../../../riscv-none-embed/lib\libg_nano.a(lib_a-nano-vfprintf.o)
                0x0000000000006956                __sfputs_r
 .text._vfprintf_r
                0x000000000000699a      0x2a0 d:/mounriver/mounriver_studio/toolchain/risc-v embedded gcc/bin/../lib/gcc/riscv-none-embed/8.2.0/../../../../riscv-none-embed/lib\libg_nano.a(lib_a-nano-vfprintf.o)
                0x000000000000699a                _vfprintf_r
                0x000000000000699a                _vfiprintf_r
 .text._sbrk_r  0x0000000000006c3a       0x32 d:/mounriver/mounriver_studio/toolchain/risc-v embedded gcc/bin/../lib/gcc/riscv-none-embed/8.2.0/../../../../riscv-none-embed/lib\libg_nano.a(lib_a-sbrkr.o)
                0x0000000000006c3a                _sbrk_r
 .text.__sread  0x0000000000006c6c       0x30 d:/mounriver/mounriver_studio/toolchain/risc-v embedded gcc/bin/../lib/gcc/riscv-none-embed/8.2.0/../../../../riscv-none-embed/lib\libg_nano.a(lib_a-stdio.o)
                0x0000000000006c6c                __sread
 .text.__swrite
                0x0000000000006c9c       0x4e d:/mounriver/mounriver_studio/toolchain/risc-v embedded gcc/bin/../lib/gcc/riscv-none-embed/8.2.0/../../../../riscv-none-embed/lib\libg_nano.a(lib_a-stdio.o)
                0x0000000000006c9c                __swrite
 .text.__sseek  0x0000000000006cea       0x36 d:/mounriver/mounriver_studio/toolchain/risc-v embedded gcc/bin/../lib/gcc/riscv-none-embed/8.2.0/../../../../riscv-none-embed/lib\libg_nano.a(lib_a-stdio.o)
                0x0000000000006cea                __sseek
 .text.__sclose
                0x0000000000006d20        0x6 d:/mounriver/mounriver_studio/toolchain/risc-v embedded gcc/bin/../lib/gcc/riscv-none-embed/8.2.0/../../../../riscv-none-embed/lib\libg_nano.a(lib_a-stdio.o)
                0x0000000000006d20                __sclose
 .text._write_r
                0x0000000000006d26       0x36 d:/mounriver/mounriver_studio/toolchain/risc-v embedded gcc/bin/../lib/gcc/riscv-none-embed/8.2.0/../../../../riscv-none-embed/lib\libg_nano.a(lib_a-writer.o)
                0x0000000000006d26                _write_r
 .text._close_r
                0x0000000000006d5c       0x32 d:/mounriver/mounriver_studio/toolchain/risc-v embedded gcc/bin/../lib/gcc/riscv-none-embed/8.2.0/../../../../riscv-none-embed/lib\libg_nano.a(lib_a-closer.o)
                0x0000000000006d5c                _close_r
 .text._fstat_r
                0x0000000000006d8e       0x34 d:/mounriver/mounriver_studio/toolchain/risc-v embedded gcc/bin/../lib/gcc/riscv-none-embed/8.2.0/../../../../riscv-none-embed/lib\libg_nano.a(lib_a-fstatr.o)
                0x0000000000006d8e                _fstat_r
 .text._isatty_r
                0x0000000000006dc2       0x32 d:/mounriver/mounriver_studio/toolchain/risc-v embedded gcc/bin/../lib/gcc/riscv-none-embed/8.2.0/../../../../riscv-none-embed/lib\libg_nano.a(lib_a-isattyr.o)
                0x0000000000006dc2                _isatty_r
 .text._lseek_r
                0x0000000000006df4       0x36 d:/mounriver/mounriver_studio/toolchain/risc-v embedded gcc/bin/../lib/gcc/riscv-none-embed/8.2.0/../../../../riscv-none-embed/lib\libg_nano.a(lib_a-lseekr.o)
                0x0000000000006df4                _lseek_r
 .text.__ascii_mbtowc
                0x0000000000006e2a       0x3a d:/mounriver/mounriver_studio/toolchain/risc-v embedded gcc/bin/../lib/gcc/riscv-none-embed/8.2.0/../../../../riscv-none-embed/lib\libg_nano.a(lib_a-mbtowc_r.o)
                0x0000000000006e2a                __ascii_mbtowc
 .text.memmove  0x0000000000006e64       0x4a d:/mounriver/mounriver_studio/toolchain/risc-v embedded gcc/bin/../lib/gcc/riscv-none-embed/8.2.0/../../../../riscv-none-embed/lib\libg_nano.a(lib_a-memmove.o)
                0x0000000000006e64                memmove
 .text.__malloc_lock
                0x0000000000006eae        0x2 d:/mounriver/mounriver_studio/toolchain/risc-v embedded gcc/bin/../lib/gcc/riscv-none-embed/8.2.0/../../../../riscv-none-embed/lib\libg_nano.a(lib_a-mlock.o)
                0x0000000000006eae                __malloc_lock
 .text.__malloc_unlock
                0x0000000000006eb0        0x2 d:/mounriver/mounriver_studio/toolchain/risc-v embedded gcc/bin/../lib/gcc/riscv-none-embed/8.2.0/../../../../riscv-none-embed/lib\libg_nano.a(lib_a-mlock.o)
                0x0000000000006eb0                __malloc_unlock
 .text._realloc_r
                0x0000000000006eb2       0x58 d:/mounriver/mounriver_studio/toolchain/risc-v embedded gcc/bin/../lib/gcc/riscv-none-embed/8.2.0/../../../../riscv-none-embed/lib\libg_nano.a(lib_a-nano-reallocr.o)
                0x0000000000006eb2                _realloc_r
 .text._read_r  0x0000000000006f0a       0x36 d:/mounriver/mounriver_studio/toolchain/risc-v embedded gcc/bin/../lib/gcc/riscv-none-embed/8.2.0/../../../../riscv-none-embed/lib\libg_nano.a(lib_a-readr.o)
                0x0000000000006f0a                _read_r
 .text.__ascii_wctomb
                0x0000000000006f40       0x20 d:/mounriver/mounriver_studio/toolchain/risc-v embedded gcc/bin/../lib/gcc/riscv-none-embed/8.2.0/../../../../riscv-none-embed/lib\libg_nano.a(lib_a-wctomb_r.o)
                0x0000000000006f40                __ascii_wctomb
 .text._malloc_usable_size_r
                0x0000000000006f60       0x14 d:/mounriver/mounriver_studio/toolchain/risc-v embedded gcc/bin/../lib/gcc/riscv-none-embed/8.2.0/../../../../riscv-none-embed/lib\libg_nano.a(lib_a-nano-msizer.o)
                0x0000000000006f60                _malloc_usable_size_r
 .text.__adddf3
                0x0000000000006f74      0x730 d:/mounriver/mounriver_studio/toolchain/risc-v embedded gcc/bin/../lib/gcc/riscv-none-embed/8.2.0\libgcc.a(adddf3.o)
                0x0000000000006f74                __adddf3
 .text.__eqdf2  0x00000000000076a4       0x6a d:/mounriver/mounriver_studio/toolchain/risc-v embedded gcc/bin/../lib/gcc/riscv-none-embed/8.2.0\libgcc.a(eqdf2.o)
                0x00000000000076a4                __nedf2
                0x00000000000076a4                __eqdf2
 .text.__gedf2  0x000000000000770e       0xae d:/mounriver/mounriver_studio/toolchain/risc-v embedded gcc/bin/../lib/gcc/riscv-none-embed/8.2.0\libgcc.a(gedf2.o)
                0x000000000000770e                __gedf2
                0x000000000000770e                __gtdf2
 .text.__ledf2  0x00000000000077bc       0xb6 d:/mounriver/mounriver_studio/toolchain/risc-v embedded gcc/bin/../lib/gcc/riscv-none-embed/8.2.0\libgcc.a(ledf2.o)
                0x00000000000077bc                __ledf2
                0x00000000000077bc                __ltdf2
 .text.__muldf3
                0x0000000000007872      0x4b8 d:/mounriver/mounriver_studio/toolchain/risc-v embedded gcc/bin/../lib/gcc/riscv-none-embed/8.2.0\libgcc.a(muldf3.o)
                0x0000000000007872                __muldf3
 .text.__unorddf2
                0x0000000000007d2a       0x3c d:/mounriver/mounriver_studio/toolchain/risc-v embedded gcc/bin/../lib/gcc/riscv-none-embed/8.2.0\libgcc.a(unorddf2.o)
                0x0000000000007d2a                __unorddf2
 .text.__fixdfsi
                0x0000000000007d66       0x68 d:/mounriver/mounriver_studio/toolchain/risc-v embedded gcc/bin/../lib/gcc/riscv-none-embed/8.2.0\libgcc.a(fixdfsi.o)
                0x0000000000007d66                __fixdfsi
 .text.__floatsidf
                0x0000000000007dce       0x72 d:/mounriver/mounriver_studio/toolchain/risc-v embedded gcc/bin/../lib/gcc/riscv-none-embed/8.2.0\libgcc.a(floatsidf.o)
                0x0000000000007dce                __floatsidf
 .text.__trunctfdf2
                0x0000000000007e40      0x21e d:/mounriver/mounriver_studio/toolchain/risc-v embedded gcc/bin/../lib/gcc/riscv-none-embed/8.2.0\libgcc.a(trunctfdf2.o)
                0x0000000000007e40                __trunctfdf2
 .text._close   0x000000000000805e       0x10 d:/mounriver/mounriver_studio/toolchain/risc-v embedded gcc/bin/../lib/gcc/riscv-none-embed/8.2.0/../../../../riscv-none-embed/lib\libnosys.a(close.o)
                0x000000000000805e                _close
 .text._fstat   0x000000000000806e       0x10 d:/mounriver/mounriver_studio/toolchain/risc-v embedded gcc/bin/../lib/gcc/riscv-none-embed/8.2.0/../../../../riscv-none-embed/lib\libnosys.a(fstat.o)
                0x000000000000806e                _fstat
 .text._isatty  0x000000000000807e       0x10 d:/mounriver/mounriver_studio/toolchain/risc-v embedded gcc/bin/../lib/gcc/riscv-none-embed/8.2.0/../../../../riscv-none-embed/lib\libnosys.a(isatty.o)
                0x000000000000807e                _isatty
 .text._lseek   0x000000000000808e       0x10 d:/mounriver/mounriver_studio/toolchain/risc-v embedded gcc/bin/../lib/gcc/riscv-none-embed/8.2.0/../../../../riscv-none-embed/lib\libnosys.a(lseek.o)
                0x000000000000808e                _lseek
 .text._read    0x000000000000809e       0x10 d:/mounriver/mounriver_studio/toolchain/risc-v embedded gcc/bin/../lib/gcc/riscv-none-embed/8.2.0/../../../../riscv-none-embed/lib\libnosys.a(read.o)
                0x000000000000809e                _read
 *(.rodata)
 *(.rodata*)
 *fill*         0x00000000000080ae        0x2 
 .rodata.main.str1.4
                0x00000000000080b0       0x90 ./User/main.o
 *fill*         0x0000000000008140        0x0 
 .rodata.task1_task.cst8
                0x0000000000008140       0x18 ./User/main.o
 .rodata.task1_task.str1.4
                0x0000000000008158       0x4d ./User/main.o
 *fill*         0x00000000000081a5        0x3 
 .rodata.pvPortMalloc.str1.4
                0x00000000000081a8       0x49 ./FreeRTOS/portable/MemMang/heap_4.o
 *fill*         0x00000000000081f1        0x3 
 .rodata.xPortStartScheduler.str1.4
                0x00000000000081f4       0x27 ./FreeRTOS/portable/GCC/RISC-V/port.o
                                         0x49 (size before relaxing)
 *fill*         0x000000000000821b        0x1 
 .rodata.xQueueGenericReset.str1.4
                0x000000000000821c       0x14 ./FreeRTOS/queue.o
                                         0x35 (size before relaxing)
 .rodata.prvTaskIsTaskSuspended.str1.4
                0x0000000000008230       0x14 ./FreeRTOS/tasks.o
                                         0x35 (size before relaxing)
 .rodata.vTaskStartScheduler.str1.4
                0x0000000000008244        0x5 ./FreeRTOS/tasks.o
 *fill*         0x0000000000008249        0x3 
 .rodata.prvTimerTask
                0x000000000000824c       0x24 ./FreeRTOS/timers.o
 .rodata.prvCheckForValidListAndQueue.str1.4
                0x0000000000008270        0x5 ./FreeRTOS/timers.o
 *fill*         0x0000000000008275        0x3 
 .rodata.prvTimerTask.str1.4
                0x0000000000008278       0x15 ./FreeRTOS/timers.o
                                         0x39 (size before relaxing)
 *fill*         0x000000000000828d        0x3 
 .rodata.xTimerCreateTimerTask.str1.4
                0x0000000000008290        0x8 ./FreeRTOS/timers.o
 .rodata.__divdf3
                0x0000000000008298       0x40 d:/mounriver/mounriver_studio/toolchain/risc-v embedded gcc/bin/../lib/gcc/riscv-none-embed/8.2.0\libgcc.a(divdf3.o)
 .rodata.__clz_tab
                0x00000000000082d8      0x100 d:/mounriver/mounriver_studio/toolchain/risc-v embedded gcc/bin/../lib/gcc/riscv-none-embed/8.2.0\libgcc.a(_clz.o)
                0x00000000000082d8                __clz_tab
 .rodata._printf_float.cst8
                0x00000000000083d8        0x8 d:/mounriver/mounriver_studio/toolchain/risc-v embedded gcc/bin/../lib/gcc/riscv-none-embed/8.2.0/../../../../riscv-none-embed/lib\libg_nano.a(lib_a-nano-vfprintf_float.o)
 .rodata._printf_float.str1.4
                0x00000000000083e0       0x12 d:/mounriver/mounriver_studio/toolchain/risc-v embedded gcc/bin/../lib/gcc/riscv-none-embed/8.2.0/../../../../riscv-none-embed/lib\libg_nano.a(lib_a-nano-vfprintf_float.o)
 *fill*         0x00000000000083f2        0x2 
 .rodata._printf_i.str1.4
                0x00000000000083f4       0x25 d:/mounriver/mounriver_studio/toolchain/risc-v embedded gcc/bin/../lib/gcc/riscv-none-embed/8.2.0/../../../../riscv-none-embed/lib\libg_nano.a(lib_a-nano-vfprintf_i.o)
 *fill*         0x0000000000008419        0x7 
 .rodata._dtoa_r.cst8
                0x0000000000008420       0x48 d:/mounriver/mounriver_studio/toolchain/risc-v embedded gcc/bin/../lib/gcc/riscv-none-embed/8.2.0/../../../../riscv-none-embed/lib\libg_nano.a(lib_a-dtoa.o)
 .rodata._dtoa_r.str1.4
                0x0000000000008468       0x10 d:/mounriver/mounriver_studio/toolchain/risc-v embedded gcc/bin/../lib/gcc/riscv-none-embed/8.2.0/../../../../riscv-none-embed/lib\libg_nano.a(lib_a-dtoa.o)
                                         0x12 (size before relaxing)
 .rodata.__sf_fake_stderr
                0x0000000000008478       0x20 d:/mounriver/mounriver_studio/toolchain/risc-v embedded gcc/bin/../lib/gcc/riscv-none-embed/8.2.0/../../../../riscv-none-embed/lib\libg_nano.a(lib_a-findfp.o)
                0x0000000000008478                __sf_fake_stderr
 .rodata.__sf_fake_stdin
                0x0000000000008498       0x20 d:/mounriver/mounriver_studio/toolchain/risc-v embedded gcc/bin/../lib/gcc/riscv-none-embed/8.2.0/../../../../riscv-none-embed/lib\libg_nano.a(lib_a-findfp.o)
                0x0000000000008498                __sf_fake_stdin
 .rodata.__sf_fake_stdout
                0x00000000000084b8       0x20 d:/mounriver/mounriver_studio/toolchain/risc-v embedded gcc/bin/../lib/gcc/riscv-none-embed/8.2.0/../../../../riscv-none-embed/lib\libg_nano.a(lib_a-findfp.o)
                0x00000000000084b8                __sf_fake_stdout
 .rodata.__mprec_bigtens
                0x00000000000084d8       0x28 d:/mounriver/mounriver_studio/toolchain/risc-v embedded gcc/bin/../lib/gcc/riscv-none-embed/8.2.0/../../../../riscv-none-embed/lib\libg_nano.a(lib_a-mprec.o)
                0x00000000000084d8                __mprec_bigtens
 .rodata.__mprec_tens
                0x0000000000008500       0xc8 d:/mounriver/mounriver_studio/toolchain/risc-v embedded gcc/bin/../lib/gcc/riscv-none-embed/8.2.0/../../../../riscv-none-embed/lib\libg_nano.a(lib_a-mprec.o)
                0x0000000000008500                __mprec_tens
 .rodata.p05.3319
                0x00000000000085c8        0xc d:/mounriver/mounriver_studio/toolchain/risc-v embedded gcc/bin/../lib/gcc/riscv-none-embed/8.2.0/../../../../riscv-none-embed/lib\libg_nano.a(lib_a-mprec.o)
 .rodata._svfprintf_r.str1.4
                0x00000000000085d4       0x13 d:/mounriver/mounriver_studio/toolchain/risc-v embedded gcc/bin/../lib/gcc/riscv-none-embed/8.2.0/../../../../riscv-none-embed/lib\libg_nano.a(lib_a-nano-svfprintf.o)
 .rodata._vfprintf_r.str1.4
                0x00000000000085e7       0x13 d:/mounriver/mounriver_studio/toolchain/risc-v embedded gcc/bin/../lib/gcc/riscv-none-embed/8.2.0/../../../../riscv-none-embed/lib\libg_nano.a(lib_a-nano-vfprintf.o)
 *fill*         0x00000000000085e7        0x1 
 .rodata._setlocale_r.str1.4
                0x00000000000085e8        0xa d:/mounriver/mounriver_studio/toolchain/risc-v embedded gcc/bin/../lib/gcc/riscv-none-embed/8.2.0/../../../../riscv-none-embed/lib\libg_nano.a(lib_a-locale.o)
                                          0xd (size before relaxing)
 *fill*         0x00000000000085f2        0x2 
 .rodata.str1.4
                0x00000000000085f4        0x4 d:/mounriver/mounriver_studio/toolchain/risc-v embedded gcc/bin/../lib/gcc/riscv-none-embed/8.2.0/../../../../riscv-none-embed/lib\libg_nano.a(lib_a-locale.o)
                                          0x2 (size before relaxing)
 .rodata._ctype_
                0x00000000000085f8      0x101 d:/mounriver/mounriver_studio/toolchain/risc-v embedded gcc/bin/../lib/gcc/riscv-none-embed/8.2.0/../../../../riscv-none-embed/lib\libg_nano.a(lib_a-ctype_.o)
                0x00000000000085f8                _ctype_
 *fill*         0x00000000000086f9        0x3 
 .rodata.__muldf3
                0x00000000000086fc       0x40 d:/mounriver/mounriver_studio/toolchain/risc-v embedded gcc/bin/../lib/gcc/riscv-none-embed/8.2.0\libgcc.a(muldf3.o)
 *(.gnu.linkonce.t.*)
                0x000000000000873c                . = ALIGN (0x4)

.rela.dyn       0x000000000000873c        0x0
 .rela.init     0x000000000000873c        0x0 ./User/ch32v30x_it.o
 .rela.vector   0x000000000000873c        0x0 ./User/ch32v30x_it.o
 .rela.text.handle_reset
                0x000000000000873c        0x0 ./User/ch32v30x_it.o
 .rela.text.xPortStartScheduler
                0x000000000000873c        0x0 ./User/ch32v30x_it.o
 .rela.sdata2.xISRStackTop
                0x000000000000873c        0x0 ./User/ch32v30x_it.o
 .rela.text._sbrk
                0x000000000000873c        0x0 ./User/ch32v30x_it.o
 .rela.sdata.curbrk.5220
                0x000000000000873c        0x0 ./User/ch32v30x_it.o
 .rela.text._svfprintf_r
                0x000000000000873c        0x0 ./User/ch32v30x_it.o
 .rela.text._vfprintf_r
                0x000000000000873c        0x0 ./User/ch32v30x_it.o
 .rela.text._sbrk_r
                0x000000000000873c        0x0 ./User/ch32v30x_it.o
 .rela.text._write_r
                0x000000000000873c        0x0 ./User/ch32v30x_it.o
 .rela.text._close_r
                0x000000000000873c        0x0 ./User/ch32v30x_it.o
 .rela.text._fstat_r
                0x000000000000873c        0x0 ./User/ch32v30x_it.o
 .rela.text._isatty_r
                0x000000000000873c        0x0 ./User/ch32v30x_it.o
 .rela.text._lseek_r
                0x000000000000873c        0x0 ./User/ch32v30x_it.o
 .rela.text._read_r
                0x000000000000873c        0x0 ./User/ch32v30x_it.o
 .rela.text._close
                0x000000000000873c        0x0 ./User/ch32v30x_it.o
 .rela.text._fstat
                0x000000000000873c        0x0 ./User/ch32v30x_it.o
 .rela.text._isatty
                0x000000000000873c        0x0 ./User/ch32v30x_it.o
 .rela.text._lseek
                0x000000000000873c        0x0 ./User/ch32v30x_it.o
 .rela.text._read
                0x000000000000873c        0x0 ./User/ch32v30x_it.o

.fini           0x000000000000873c        0x0
 *(SORT_NONE(.fini))
                0x000000000000873c                . = ALIGN (0x4)
                [!provide]                        PROVIDE (_etext = .)
                [!provide]                        PROVIDE (_eitcm = .)

.preinit_array  0x000000000000873c        0x0
                [!provide]                        PROVIDE (__preinit_array_start = .)
 *(.preinit_array)
                [!provide]                        PROVIDE (__preinit_array_end = .)

.init_array     0x000000000000873c        0x0
                [!provide]                        PROVIDE (__init_array_start = .)
 *(SORT_BY_INIT_PRIORITY(.init_array.*) SORT_BY_INIT_PRIORITY(.ctors.*))
 *(.init_array EXCLUDE_FILE(*crtend?.o *crtend.o *crtbegin?.o *crtbegin.o) .ctors)
                [!provide]                        PROVIDE (__init_array_end = .)

.fini_array     0x000000000000873c        0x0
                [!provide]                        PROVIDE (__fini_array_start = .)
 *(SORT_BY_INIT_PRIORITY(.fini_array.*) SORT_BY_INIT_PRIORITY(.dtors.*))
 *(.fini_array EXCLUDE_FILE(*crtend?.o *crtend.o *crtbegin?.o *crtbegin.o) .dtors)
                [!provide]                        PROVIDE (__fini_array_end = .)

.ctors
 *crtbegin.o(.ctors)
 *crtbegin?.o(.ctors)
 *(EXCLUDE_FILE(*crtend?.o *crtend.o) .ctors)
 *(SORT_BY_NAME(.ctors.*))
 *(.ctors)

.dtors
 *crtbegin.o(.dtors)
 *crtbegin?.o(.dtors)
 *(EXCLUDE_FILE(*crtend?.o *crtend.o) .dtors)
 *(SORT_BY_NAME(.dtors.*))
 *(.dtors)

.dalign         0x0000000020000000        0x0 load address 0x000000000000873c
                0x0000000020000000                . = ALIGN (0x4)
                0x0000000020000000                PROVIDE (_data_vma = .)

.dlalign        0x000000000000873c        0x0
                0x000000000000873c                . = ALIGN (0x4)
                0x000000000000873c                PROVIDE (_data_lma = .)

.data           0x0000000020000000      0x210 load address 0x000000000000873c
 *(.gnu.linkonce.r.*)
 *(.data .data.*)
 .data.AHBPrescTable
                0x0000000020000000       0x10 ./User/system_ch32v30x.o
                0x0000000020000000                AHBPrescTable
 .data.APBAHBPrescTable
                0x0000000020000010       0x10 ./Peripheral/src/ch32v30x_rcc.o
 .data.impure_data
                0x0000000020000020       0x60 d:/mounriver/mounriver_studio/toolchain/risc-v embedded gcc/bin/../lib/gcc/riscv-none-embed/8.2.0/../../../../riscv-none-embed/lib\libg_nano.a(lib_a-impure.o)
 .data.__global_locale
                0x0000000020000080      0x16c d:/mounriver/mounriver_studio/toolchain/risc-v embedded gcc/bin/../lib/gcc/riscv-none-embed/8.2.0/../../../../riscv-none-embed/lib\libg_nano.a(lib_a-locale.o)
                0x0000000020000080                __global_locale
 *(.gnu.linkonce.d.*)
                0x00000000200001f0                . = ALIGN (0x8)
 *fill*         0x00000000200001ec        0x4 
                0x00000000200009f0                PROVIDE (__global_pointer$ = (. + 0x800))
 *(.sdata .sdata.*)
 .sdata.SystemCoreClock
                0x00000000200001f0        0x4 ./User/system_ch32v30x.o
                0x00000000200001f0                SystemCoreClock
 .sdata.ADCPrescTable
                0x00000000200001f4        0x4 ./Peripheral/src/ch32v30x_rcc.o
 .sdata.uxCriticalNesting
                0x00000000200001f8        0x4 ./FreeRTOS/portable/GCC/RISC-V/port.o
 .sdata.uxTopUsedPriority
                0x00000000200001fc        0x4 ./FreeRTOS/tasks.o
                0x00000000200001fc                uxTopUsedPriority
 .sdata.curbrk.5220
                0x0000000020000200        0x4 ./Debug/debug.o
 .sdata._impure_ptr
                0x0000000020000204        0x4 d:/mounriver/mounriver_studio/toolchain/risc-v embedded gcc/bin/../lib/gcc/riscv-none-embed/8.2.0/../../../../riscv-none-embed/lib\libg_nano.a(lib_a-impure.o)
                0x0000000020000204                _impure_ptr
 *(.sdata2.*)
 .sdata2.xISRStackTop
                0x0000000020000208        0x4 ./FreeRTOS/portable/GCC/RISC-V/port.o
                0x0000000020000208                xISRStackTop
 .sdata2._global_impure_ptr
                0x000000002000020c        0x4 d:/mounriver/mounriver_studio/toolchain/risc-v embedded gcc/bin/../lib/gcc/riscv-none-embed/8.2.0/../../../../riscv-none-embed/lib\libg_nano.a(lib_a-impure.o)
                0x000000002000020c                _global_impure_ptr
 *(.gnu.linkonce.s.*)
                0x0000000020000210                . = ALIGN (0x8)
 *(.srodata.cst16)
 *(.srodata.cst8)
 *(.srodata.cst4)
 *(.srodata.cst2)
 *(.srodata .srodata.*)
                0x0000000020000210                . = ALIGN (0x4)
                0x0000000020000210                PROVIDE (_edata = .)

.bss            0x0000000020000210     0x3280 load address 0x000000000000894c
                0x0000000020000210                . = ALIGN (0x4)
                0x0000000020000210                PROVIDE (_sbss = .)
 *(.sbss*)
 .sbss.Task1Task_Handler
                0x0000000020000210        0x4 ./User/main.o
                0x0000000020000210                Task1Task_Handler
 .sbss.Task2Task_Handler
                0x0000000020000214        0x4 ./User/main.o
                0x0000000020000214                Task2Task_Handler
 .sbss.xQueue   0x0000000020000218        0x4 ./User/main.o
                0x0000000020000218                xQueue
 .sbss.pxEnd    0x000000002000021c        0x4 ./FreeRTOS/portable/MemMang/heap_4.o
 .sbss.xBlockAllocatedBit
                0x0000000020000220        0x4 ./FreeRTOS/portable/MemMang/heap_4.o
 .sbss.xFreeBytesRemaining
                0x0000000020000224        0x4 ./FreeRTOS/portable/MemMang/heap_4.o
 .sbss.xMinimumEverFreeBytesRemaining
                0x0000000020000228        0x4 ./FreeRTOS/portable/MemMang/heap_4.o
 .sbss.xNumberOfSuccessfulAllocations
                0x000000002000022c        0x4 ./FreeRTOS/portable/MemMang/heap_4.o
 .sbss.xNumberOfSuccessfulFrees
                0x0000000020000230        0x4 ./FreeRTOS/portable/MemMang/heap_4.o
 .sbss.xStart   0x0000000020000234        0x8 ./FreeRTOS/portable/MemMang/heap_4.o
 .sbss.pxCurrentTCB
                0x000000002000023c        0x4 ./FreeRTOS/tasks.o
                0x000000002000023c                pxCurrentTCB
 .sbss.pxDelayedTaskList
                0x0000000020000240        0x4 ./FreeRTOS/tasks.o
 .sbss.pxOverflowDelayedTaskList
                0x0000000020000244        0x4 ./FreeRTOS/tasks.o
 .sbss.uxCurrentNumberOfTasks
                0x0000000020000248        0x4 ./FreeRTOS/tasks.o
 .sbss.uxDeletedTasksWaitingCleanUp
                0x000000002000024c        0x4 ./FreeRTOS/tasks.o
 .sbss.uxSchedulerSuspended
                0x0000000020000250        0x4 ./FreeRTOS/tasks.o
 .sbss.uxTaskNumber
                0x0000000020000254        0x4 ./FreeRTOS/tasks.o
 .sbss.uxTopReadyPriority
                0x0000000020000258        0x4 ./FreeRTOS/tasks.o
 .sbss.xIdleTaskHandle
                0x000000002000025c        0x4 ./FreeRTOS/tasks.o
 .sbss.xNextTaskUnblockTime
                0x0000000020000260        0x4 ./FreeRTOS/tasks.o
 .sbss.xNumOfOverflows
                0x0000000020000264        0x4 ./FreeRTOS/tasks.o
 .sbss.xPendedTicks
                0x0000000020000268        0x4 ./FreeRTOS/tasks.o
 .sbss.xSchedulerRunning
                0x000000002000026c        0x4 ./FreeRTOS/tasks.o
 .sbss.xTickCount
                0x0000000020000270        0x4 ./FreeRTOS/tasks.o
 .sbss.xYieldPending
                0x0000000020000274        0x4 ./FreeRTOS/tasks.o
 .sbss.pxCurrentTimerList
                0x0000000020000278        0x4 ./FreeRTOS/timers.o
 .sbss.pxOverflowTimerList
                0x000000002000027c        0x4 ./FreeRTOS/timers.o
 .sbss.xLastTime.6272
                0x0000000020000280        0x4 ./FreeRTOS/timers.o
 .sbss.xTimerQueue
                0x0000000020000284        0x4 ./FreeRTOS/timers.o
 .sbss.xTimerTaskHandle
                0x0000000020000288        0x4 ./FreeRTOS/timers.o
 .sbss.__malloc_free_list
                0x000000002000028c        0x4 d:/mounriver/mounriver_studio/toolchain/risc-v embedded gcc/bin/../lib/gcc/riscv-none-embed/8.2.0/../../../../riscv-none-embed/lib\libg_nano.a(lib_a-nano-mallocr.o)
                0x000000002000028c                __malloc_free_list
 .sbss.__malloc_sbrk_start
                0x0000000020000290        0x4 d:/mounriver/mounriver_studio/toolchain/risc-v embedded gcc/bin/../lib/gcc/riscv-none-embed/8.2.0/../../../../riscv-none-embed/lib\libg_nano.a(lib_a-nano-mallocr.o)
                0x0000000020000290                __malloc_sbrk_start
 *(.gnu.linkonce.sb.*)
 *(.bss*)
 .bss.ucHeap    0x0000000020000294     0x3000 ./FreeRTOS/portable/MemMang/heap_4.o
 .bss.xQueueRegistry
                0x0000000020003294       0x40 ./FreeRTOS/queue.o
                0x0000000020003294                xQueueRegistry
 .bss.pxReadyTasksLists
                0x00000000200032d4      0x12c ./FreeRTOS/tasks.o
 .bss.xDelayedTaskList1
                0x0000000020003400       0x14 ./FreeRTOS/tasks.o
 .bss.xDelayedTaskList2
                0x0000000020003414       0x14 ./FreeRTOS/tasks.o
 .bss.xPendingReadyList
                0x0000000020003428       0x14 ./FreeRTOS/tasks.o
 .bss.xSuspendedTaskList
                0x000000002000343c       0x14 ./FreeRTOS/tasks.o
 .bss.xTasksWaitingTermination
                0x0000000020003450       0x14 ./FreeRTOS/tasks.o
 .bss.xActiveTimerList1
                0x0000000020003464       0x14 ./FreeRTOS/timers.o
 .bss.xActiveTimerList2
                0x0000000020003478       0x14 ./FreeRTOS/timers.o
 *(.gnu.linkonce.b.*)
 *(COMMON*)
 COMMON         0x000000002000348c        0x4 d:/mounriver/mounriver_studio/toolchain/risc-v embedded gcc/bin/../lib/gcc/riscv-none-embed/8.2.0/../../../../riscv-none-embed/lib\libg_nano.a(lib_a-reent.o)
                0x000000002000348c                errno
                0x0000000020003490                . = ALIGN (0x4)
                0x0000000020003490                PROVIDE (_ebss = .)
                0x0000000020003490                PROVIDE (_end = _ebss)
                [!provide]                        PROVIDE (end = .)

.stack          0x0000000020007800      0x800
                0x0000000020007800                PROVIDE (_heap_end = .)
                0x0000000020007800                . = ALIGN (0x4)
                [!provide]                        PROVIDE (_susrstack = .)
                0x0000000020008000                . = (. + __stack_size)
 *fill*         0x0000000020007800      0x800 
                0x0000000020008000                PROVIDE (_eusrstack = .)
                0x0000000020008000                __freertos_irq_stack_top = .
OUTPUT(CH32V307-FreeRTOS.elf elf32-littleriscv)

.debug_info     0x0000000000000000    0x155e9
 .debug_info    0x0000000000000000      0x962 ./User/ch32v30x_it.o
 .debug_info    0x0000000000000962     0x1d1a ./User/main.o
 .debug_info    0x000000000000267c      0xb89 ./User/system_ch32v30x.o
 .debug_info    0x0000000000003205       0x22 ./Startup/startup_ch32v30x_D8C.o
 .debug_info    0x0000000000003227      0xa94 ./Peripheral/src/ch32v30x_dbgmcu.o
 .debug_info    0x0000000000003cbb     0x1093 ./Peripheral/src/ch32v30x_gpio.o
 .debug_info    0x0000000000004d4e     0x1481 ./Peripheral/src/ch32v30x_i2c.o
 .debug_info    0x00000000000061cf     0x156e ./Peripheral/src/ch32v30x_rcc.o
 .debug_info    0x000000000000773d     0x1420 ./Peripheral/src/ch32v30x_usart.o
 .debug_info    0x0000000000008b5d      0xe5c ./FreeRTOS/portable/MemMang/heap_4.o
 .debug_info    0x00000000000099b9     0x118c ./FreeRTOS/portable/GCC/RISC-V/port.o
 .debug_info    0x000000000000ab45       0x26 ./FreeRTOS/portable/GCC/RISC-V/portASM.o
 .debug_info    0x000000000000ab6b      0xb80 ./FreeRTOS/list.o
 .debug_info    0x000000000000b6eb     0x30eb ./FreeRTOS/queue.o
 .debug_info    0x000000000000e7d6     0x3d7e ./FreeRTOS/tasks.o
 .debug_info    0x0000000000012554     0x2179 ./FreeRTOS/timers.o
 .debug_info    0x00000000000146cd      0xf1c ./Debug/debug.o

.debug_abbrev   0x0000000000000000     0x338c
 .debug_abbrev  0x0000000000000000      0x1cf ./User/ch32v30x_it.o
 .debug_abbrev  0x00000000000001cf      0x478 ./User/main.o
 .debug_abbrev  0x0000000000000647      0x2c0 ./User/system_ch32v30x.o
 .debug_abbrev  0x0000000000000907       0x12 ./Startup/startup_ch32v30x_D8C.o
 .debug_abbrev  0x0000000000000919      0x2f7 ./Peripheral/src/ch32v30x_dbgmcu.o
 .debug_abbrev  0x0000000000000c10      0x309 ./Peripheral/src/ch32v30x_gpio.o
 .debug_abbrev  0x0000000000000f19      0x3a7 ./Peripheral/src/ch32v30x_i2c.o
 .debug_abbrev  0x00000000000012c0      0x351 ./Peripheral/src/ch32v30x_rcc.o
 .debug_abbrev  0x0000000000001611      0x312 ./Peripheral/src/ch32v30x_usart.o
 .debug_abbrev  0x0000000000001923      0x36c ./FreeRTOS/portable/MemMang/heap_4.o
 .debug_abbrev  0x0000000000001c8f      0x3bc ./FreeRTOS/portable/GCC/RISC-V/port.o
 .debug_abbrev  0x000000000000204b       0x14 ./FreeRTOS/portable/GCC/RISC-V/portASM.o
 .debug_abbrev  0x000000000000205f      0x254 ./FreeRTOS/list.o
 .debug_abbrev  0x00000000000022b3      0x461 ./FreeRTOS/queue.o
 .debug_abbrev  0x0000000000002714      0x545 ./FreeRTOS/tasks.o
 .debug_abbrev  0x0000000000002c59      0x43a ./FreeRTOS/timers.o
 .debug_abbrev  0x0000000000003093      0x2f9 ./Debug/debug.o

.debug_aranges  0x0000000000000000      0xa78
 .debug_aranges
                0x0000000000000000       0x28 ./User/ch32v30x_it.o
 .debug_aranges
                0x0000000000000028       0x88 ./User/main.o
 .debug_aranges
                0x00000000000000b0       0x28 ./User/system_ch32v30x.o
 .debug_aranges
                0x00000000000000d8       0x30 ./Startup/startup_ch32v30x_D8C.o
 .debug_aranges
                0x0000000000000108       0x48 ./Peripheral/src/ch32v30x_dbgmcu.o
 .debug_aranges
                0x0000000000000150       0xa8 ./Peripheral/src/ch32v30x_gpio.o
 .debug_aranges
                0x00000000000001f8      0x110 ./Peripheral/src/ch32v30x_i2c.o
 .debug_aranges
                0x0000000000000308      0x1a8 ./Peripheral/src/ch32v30x_rcc.o
 .debug_aranges
                0x00000000000004b0      0x100 ./Peripheral/src/ch32v30x_usart.o
 .debug_aranges
                0x00000000000005b0       0x50 ./FreeRTOS/portable/MemMang/heap_4.o
 .debug_aranges
                0x0000000000000600       0x58 ./FreeRTOS/portable/GCC/RISC-V/port.o
 .debug_aranges
                0x0000000000000658       0x20 ./FreeRTOS/portable/GCC/RISC-V/portASM.o
 .debug_aranges
                0x0000000000000678       0x40 ./FreeRTOS/list.o
 .debug_aranges
                0x00000000000006b8      0x108 ./FreeRTOS/queue.o
 .debug_aranges
                0x00000000000007c0      0x1b8 ./FreeRTOS/tasks.o
 .debug_aranges
                0x0000000000000978       0xb8 ./FreeRTOS/timers.o
 .debug_aranges
                0x0000000000000a30       0x48 ./Debug/debug.o

.debug_ranges   0x0000000000000000      0xee8
 .debug_ranges  0x0000000000000000       0x18 ./User/ch32v30x_it.o
 .debug_ranges  0x0000000000000018       0xa8 ./User/main.o
 .debug_ranges  0x00000000000000c0       0x38 ./User/system_ch32v30x.o
 .debug_ranges  0x00000000000000f8       0x28 ./Startup/startup_ch32v30x_D8C.o
 .debug_ranges  0x0000000000000120       0x50 ./Peripheral/src/ch32v30x_dbgmcu.o
 .debug_ranges  0x0000000000000170       0x98 ./Peripheral/src/ch32v30x_gpio.o
 .debug_ranges  0x0000000000000208      0x100 ./Peripheral/src/ch32v30x_i2c.o
 .debug_ranges  0x0000000000000308      0x198 ./Peripheral/src/ch32v30x_rcc.o
 .debug_ranges  0x00000000000004a0       0xf0 ./Peripheral/src/ch32v30x_usart.o
 .debug_ranges  0x0000000000000590       0x40 ./FreeRTOS/portable/MemMang/heap_4.o
 .debug_ranges  0x00000000000005d0       0x60 ./FreeRTOS/portable/GCC/RISC-V/port.o
 .debug_ranges  0x0000000000000630       0x30 ./FreeRTOS/list.o
 .debug_ranges  0x0000000000000660      0x2c8 ./FreeRTOS/queue.o
 .debug_ranges  0x0000000000000928      0x438 ./FreeRTOS/tasks.o
 .debug_ranges  0x0000000000000d60      0x150 ./FreeRTOS/timers.o
 .debug_ranges  0x0000000000000eb0       0x38 ./Debug/debug.o

.debug_line     0x0000000000000000    0x12a75
 .debug_line    0x0000000000000000      0x231 ./User/ch32v30x_it.o
 .debug_line    0x0000000000000231     0x131c ./User/main.o
 .debug_line    0x000000000000154d      0x763 ./User/system_ch32v30x.o
 .debug_line    0x0000000000001cb0      0x356 ./Startup/startup_ch32v30x_D8C.o
 .debug_line    0x0000000000002006      0x389 ./Peripheral/src/ch32v30x_dbgmcu.o
 .debug_line    0x000000000000238f      0xd7e ./Peripheral/src/ch32v30x_gpio.o
 .debug_line    0x000000000000310d     0x114d ./Peripheral/src/ch32v30x_i2c.o
 .debug_line    0x000000000000425a     0x1999 ./Peripheral/src/ch32v30x_rcc.o
 .debug_line    0x0000000000005bf3     0x1037 ./Peripheral/src/ch32v30x_usart.o
 .debug_line    0x0000000000006c2a      0xc68 ./FreeRTOS/portable/MemMang/heap_4.o
 .debug_line    0x0000000000007892      0x7b5 ./FreeRTOS/portable/GCC/RISC-V/port.o
 .debug_line    0x0000000000008047      0x374 ./FreeRTOS/portable/GCC/RISC-V/portASM.o
 .debug_line    0x00000000000083bb      0x683 ./FreeRTOS/list.o
 .debug_line    0x0000000000008a3e     0x31be ./FreeRTOS/queue.o
 .debug_line    0x000000000000bbfc     0x514f ./FreeRTOS/tasks.o
 .debug_line    0x0000000000010d4b     0x1617 ./FreeRTOS/timers.o
 .debug_line    0x0000000000012362      0x713 ./Debug/debug.o

.debug_str      0x0000000000000000     0x3ee3
 .debug_str     0x0000000000000000      0x552 ./User/ch32v30x_it.o
                                        0x5b9 (size before relaxing)
 .debug_str     0x0000000000000552      0x650 ./User/main.o
                                        0xc09 (size before relaxing)
 .debug_str     0x0000000000000ba2       0xf6 ./User/system_ch32v30x.o
                                        0x6d0 (size before relaxing)
 .debug_str     0x0000000000000c98       0x2e ./Startup/startup_ch32v30x_D8C.o
                                         0x6c (size before relaxing)
 .debug_str     0x0000000000000cc6       0x97 ./Peripheral/src/ch32v30x_dbgmcu.o
                                        0x649 (size before relaxing)
 .debug_str     0x0000000000000d5d      0x23d ./Peripheral/src/ch32v30x_gpio.o
                                        0x974 (size before relaxing)
 .debug_str     0x0000000000000f9a      0x329 ./Peripheral/src/ch32v30x_i2c.o
                                        0xae3 (size before relaxing)
 .debug_str     0x00000000000012c3      0x514 ./Peripheral/src/ch32v30x_rcc.o
                                        0xccd (size before relaxing)
 .debug_str     0x00000000000017d7      0x416 ./Peripheral/src/ch32v30x_usart.o
                                        0xb1a (size before relaxing)
 .debug_str     0x0000000000001bed      0x31c ./FreeRTOS/portable/MemMang/heap_4.o
                                        0x8d7 (size before relaxing)
 .debug_str     0x0000000000001f09      0x70b ./FreeRTOS/portable/GCC/RISC-V/port.o
                                        0xd60 (size before relaxing)
 .debug_str     0x0000000000002614       0x2a ./FreeRTOS/portable/GCC/RISC-V/portASM.o
                                         0x74 (size before relaxing)
 .debug_str     0x000000000000263e      0x125 ./FreeRTOS/list.o
                                        0x6e1 (size before relaxing)
 .debug_str     0x0000000000002763      0x774 ./FreeRTOS/queue.o
                                       0x1531 (size before relaxing)
 .debug_str     0x0000000000002ed7      0xab3 ./FreeRTOS/tasks.o
                                       0x1ad4 (size before relaxing)
 .debug_str     0x000000000000398a      0x4de ./FreeRTOS/timers.o
                                       0x1370 (size before relaxing)
 .debug_str     0x0000000000003e68       0x7b ./Debug/debug.o
                                        0x902 (size before relaxing)

.comment        0x0000000000000000       0x33
 .comment       0x0000000000000000       0x33 ./User/ch32v30x_it.o
                                         0x34 (size before relaxing)
 .comment       0x0000000000000033       0x34 ./User/main.o
 .comment       0x0000000000000033       0x34 ./User/system_ch32v30x.o
 .comment       0x0000000000000033       0x34 ./Peripheral/src/ch32v30x_dbgmcu.o
 .comment       0x0000000000000033       0x34 ./Peripheral/src/ch32v30x_gpio.o
 .comment       0x0000000000000033       0x34 ./Peripheral/src/ch32v30x_i2c.o
 .comment       0x0000000000000033       0x34 ./Peripheral/src/ch32v30x_rcc.o
 .comment       0x0000000000000033       0x34 ./Peripheral/src/ch32v30x_usart.o
 .comment       0x0000000000000033       0x34 ./FreeRTOS/portable/MemMang/heap_4.o
 .comment       0x0000000000000033       0x34 ./FreeRTOS/portable/GCC/RISC-V/port.o
 .comment       0x0000000000000033       0x34 ./FreeRTOS/list.o
 .comment       0x0000000000000033       0x34 ./FreeRTOS/queue.o
 .comment       0x0000000000000033       0x34 ./FreeRTOS/tasks.o
 .comment       0x0000000000000033       0x34 ./FreeRTOS/timers.o
 .comment       0x0000000000000033       0x34 ./Debug/debug.o

.debug_frame    0x0000000000000000     0x303c
 .debug_frame   0x0000000000000000       0x30 ./User/ch32v30x_it.o
 .debug_frame   0x0000000000000030      0x20c ./User/main.o
 .debug_frame   0x000000000000023c       0x3c ./User/system_ch32v30x.o
 .debug_frame   0x0000000000000278       0x70 ./Peripheral/src/ch32v30x_dbgmcu.o
 .debug_frame   0x00000000000002e8      0x148 ./Peripheral/src/ch32v30x_gpio.o
 .debug_frame   0x0000000000000430      0x264 ./Peripheral/src/ch32v30x_i2c.o
 .debug_frame   0x0000000000000694      0x344 ./Peripheral/src/ch32v30x_rcc.o
 .debug_frame   0x00000000000009d8      0x204 ./Peripheral/src/ch32v30x_usart.o
 .debug_frame   0x0000000000000bdc       0xc8 ./FreeRTOS/portable/MemMang/heap_4.o
 .debug_frame   0x0000000000000ca4      0x138 ./FreeRTOS/portable/GCC/RISC-V/port.o
 .debug_frame   0x0000000000000ddc       0x60 ./FreeRTOS/list.o
 .debug_frame   0x0000000000000e3c      0x48c ./FreeRTOS/queue.o
 .debug_frame   0x00000000000012c8      0x688 ./FreeRTOS/tasks.o
 .debug_frame   0x0000000000001950      0x2a8 ./FreeRTOS/timers.o
 .debug_frame   0x0000000000001bf8       0x9c ./Debug/debug.o
 .debug_frame   0x0000000000001c94       0x50 d:/mounriver/mounriver_studio/toolchain/risc-v embedded gcc/bin/../lib/gcc/riscv-none-embed/8.2.0\libgcc.a(divdf3.o)
 .debug_frame   0x0000000000001ce4       0x44 d:/mounriver/mounriver_studio/toolchain/risc-v embedded gcc/bin/../lib/gcc/riscv-none-embed/8.2.0\libgcc.a(subdf3.o)
 .debug_frame   0x0000000000001d28       0x38 d:/mounriver/mounriver_studio/toolchain/risc-v embedded gcc/bin/../lib/gcc/riscv-none-embed/8.2.0\libgcc.a(floatunsidf.o)
 .debug_frame   0x0000000000001d60       0x38 d:/mounriver/mounriver_studio/toolchain/risc-v embedded gcc/bin/../lib/gcc/riscv-none-embed/8.2.0\libgcc.a(extendsfdf2.o)
 .debug_frame   0x0000000000001d98       0x20 d:/mounriver/mounriver_studio/toolchain/risc-v embedded gcc/bin/../lib/gcc/riscv-none-embed/8.2.0\libgcc.a(truncdfsf2.o)
 .debug_frame   0x0000000000001db8       0x20 d:/mounriver/mounriver_studio/toolchain/risc-v embedded gcc/bin/../lib/gcc/riscv-none-embed/8.2.0\libgcc.a(_clzsi2.o)
 .debug_frame   0x0000000000001dd8       0x20 d:/mounriver/mounriver_studio/toolchain/risc-v embedded gcc/bin/../lib/gcc/riscv-none-embed/8.2.0/../../../../riscv-none-embed/lib\libg_nano.a(lib_a-memcpy.o)
 .debug_frame   0x0000000000001df8       0xbc d:/mounriver/mounriver_studio/toolchain/risc-v embedded gcc/bin/../lib/gcc/riscv-none-embed/8.2.0/../../../../riscv-none-embed/lib\libg_nano.a(lib_a-nano-vfprintf_float.o)
 .debug_frame   0x0000000000001eb4       0x8c d:/mounriver/mounriver_studio/toolchain/risc-v embedded gcc/bin/../lib/gcc/riscv-none-embed/8.2.0/../../../../riscv-none-embed/lib\libg_nano.a(lib_a-nano-vfprintf_i.o)
 .debug_frame   0x0000000000001f40       0x54 d:/mounriver/mounriver_studio/toolchain/risc-v embedded gcc/bin/../lib/gcc/riscv-none-embed/8.2.0/../../../../riscv-none-embed/lib\libg_nano.a(lib_a-printf.o)
 .debug_frame   0x0000000000001f94       0x54 d:/mounriver/mounriver_studio/toolchain/risc-v embedded gcc/bin/../lib/gcc/riscv-none-embed/8.2.0/../../../../riscv-none-embed/lib\libg_nano.a(lib_a-puts.o)
 .debug_frame   0x0000000000001fe8       0x60 d:/mounriver/mounriver_studio/toolchain/risc-v embedded gcc/bin/../lib/gcc/riscv-none-embed/8.2.0/../../../../riscv-none-embed/lib\libg_nano.a(lib_a-snprintf.o)
 .debug_frame   0x0000000000002048       0x20 d:/mounriver/mounriver_studio/toolchain/risc-v embedded gcc/bin/../lib/gcc/riscv-none-embed/8.2.0/../../../../riscv-none-embed/lib\libg_nano.a(lib_a-strlen.o)
 .debug_frame   0x0000000000002068       0x50 d:/mounriver/mounriver_studio/toolchain/risc-v embedded gcc/bin/../lib/gcc/riscv-none-embed/8.2.0/../../../../riscv-none-embed/lib\libg_nano.a(lib_a-wbuf.o)
 .debug_frame   0x00000000000020b8       0x3c d:/mounriver/mounriver_studio/toolchain/risc-v embedded gcc/bin/../lib/gcc/riscv-none-embed/8.2.0/../../../../riscv-none-embed/lib\libg_nano.a(lib_a-wsetup.o)
 .debug_frame   0x00000000000020f4       0x98 d:/mounriver/mounriver_studio/toolchain/risc-v embedded gcc/bin/../lib/gcc/riscv-none-embed/8.2.0/../../../../riscv-none-embed/lib\libg_nano.a(lib_a-dtoa.o)
 .debug_frame   0x000000000000218c       0x7c d:/mounriver/mounriver_studio/toolchain/risc-v embedded gcc/bin/../lib/gcc/riscv-none-embed/8.2.0/../../../../riscv-none-embed/lib\libg_nano.a(lib_a-fflush.o)
 .debug_frame   0x0000000000002208      0x148 d:/mounriver/mounriver_studio/toolchain/risc-v embedded gcc/bin/../lib/gcc/riscv-none-embed/8.2.0/../../../../riscv-none-embed/lib\libg_nano.a(lib_a-findfp.o)
 .debug_frame   0x0000000000002350       0x88 d:/mounriver/mounriver_studio/toolchain/risc-v embedded gcc/bin/../lib/gcc/riscv-none-embed/8.2.0/../../../../riscv-none-embed/lib\libg_nano.a(lib_a-fwalk.o)
 .debug_frame   0x00000000000023d8       0x40 d:/mounriver/mounriver_studio/toolchain/risc-v embedded gcc/bin/../lib/gcc/riscv-none-embed/8.2.0/../../../../riscv-none-embed/lib\libg_nano.a(lib_a-localeconv.o)
 .debug_frame   0x0000000000002418       0x64 d:/mounriver/mounriver_studio/toolchain/risc-v embedded gcc/bin/../lib/gcc/riscv-none-embed/8.2.0/../../../../riscv-none-embed/lib\libg_nano.a(lib_a-makebuf.o)
 .debug_frame   0x000000000000247c       0x30 d:/mounriver/mounriver_studio/toolchain/risc-v embedded gcc/bin/../lib/gcc/riscv-none-embed/8.2.0/../../../../riscv-none-embed/lib\libg_nano.a(lib_a-malloc.o)
 .debug_frame   0x00000000000024ac       0x20 d:/mounriver/mounriver_studio/toolchain/risc-v embedded gcc/bin/../lib/gcc/riscv-none-embed/8.2.0/../../../../riscv-none-embed/lib\libg_nano.a(lib_a-memchr.o)
 .debug_frame   0x00000000000024cc      0x2e0 d:/mounriver/mounriver_studio/toolchain/risc-v embedded gcc/bin/../lib/gcc/riscv-none-embed/8.2.0/../../../../riscv-none-embed/lib\libg_nano.a(lib_a-mprec.o)
 .debug_frame   0x00000000000027ac       0x30 d:/mounriver/mounriver_studio/toolchain/risc-v embedded gcc/bin/../lib/gcc/riscv-none-embed/8.2.0/../../../../riscv-none-embed/lib\libg_nano.a(lib_a-nano-callocr.o)
 .debug_frame   0x00000000000027dc       0x40 d:/mounriver/mounriver_studio/toolchain/risc-v embedded gcc/bin/../lib/gcc/riscv-none-embed/8.2.0/../../../../riscv-none-embed/lib\libg_nano.a(lib_a-nano-freer.o)
 .debug_frame   0x000000000000281c       0x40 d:/mounriver/mounriver_studio/toolchain/risc-v embedded gcc/bin/../lib/gcc/riscv-none-embed/8.2.0/../../../../riscv-none-embed/lib\libg_nano.a(lib_a-nano-mallocr.o)
 .debug_frame   0x000000000000285c       0xe0 d:/mounriver/mounriver_studio/toolchain/risc-v embedded gcc/bin/../lib/gcc/riscv-none-embed/8.2.0/../../../../riscv-none-embed/lib\libg_nano.a(lib_a-nano-svfprintf.o)
 .debug_frame   0x000000000000293c       0xd0 d:/mounriver/mounriver_studio/toolchain/risc-v embedded gcc/bin/../lib/gcc/riscv-none-embed/8.2.0/../../../../riscv-none-embed/lib\libg_nano.a(lib_a-nano-vfprintf.o)
 .debug_frame   0x0000000000002a0c       0x30 d:/mounriver/mounriver_studio/toolchain/risc-v embedded gcc/bin/../lib/gcc/riscv-none-embed/8.2.0/../../../../riscv-none-embed/lib\libg_nano.a(lib_a-sbrkr.o)
 .debug_frame   0x0000000000002a3c       0xa4 d:/mounriver/mounriver_studio/toolchain/risc-v embedded gcc/bin/../lib/gcc/riscv-none-embed/8.2.0/../../../../riscv-none-embed/lib\libg_nano.a(lib_a-stdio.o)
 .debug_frame   0x0000000000002ae0       0x30 d:/mounriver/mounriver_studio/toolchain/risc-v embedded gcc/bin/../lib/gcc/riscv-none-embed/8.2.0/../../../../riscv-none-embed/lib\libg_nano.a(lib_a-writer.o)
 .debug_frame   0x0000000000002b10       0x30 d:/mounriver/mounriver_studio/toolchain/risc-v embedded gcc/bin/../lib/gcc/riscv-none-embed/8.2.0/../../../../riscv-none-embed/lib\libg_nano.a(lib_a-closer.o)
 .debug_frame   0x0000000000002b40       0x30 d:/mounriver/mounriver_studio/toolchain/risc-v embedded gcc/bin/../lib/gcc/riscv-none-embed/8.2.0/../../../../riscv-none-embed/lib\libg_nano.a(lib_a-fstatr.o)
 .debug_frame   0x0000000000002b70       0x30 d:/mounriver/mounriver_studio/toolchain/risc-v embedded gcc/bin/../lib/gcc/riscv-none-embed/8.2.0/../../../../riscv-none-embed/lib\libg_nano.a(lib_a-isattyr.o)
 .debug_frame   0x0000000000002ba0       0x78 d:/mounriver/mounriver_studio/toolchain/risc-v embedded gcc/bin/../lib/gcc/riscv-none-embed/8.2.0/../../../../riscv-none-embed/lib\libg_nano.a(lib_a-locale.o)
 .debug_frame   0x0000000000002c18       0x30 d:/mounriver/mounriver_studio/toolchain/risc-v embedded gcc/bin/../lib/gcc/riscv-none-embed/8.2.0/../../../../riscv-none-embed/lib\libg_nano.a(lib_a-lseekr.o)
 .debug_frame   0x0000000000002c48       0x38 d:/mounriver/mounriver_studio/toolchain/risc-v embedded gcc/bin/../lib/gcc/riscv-none-embed/8.2.0/../../../../riscv-none-embed/lib\libg_nano.a(lib_a-mbtowc_r.o)
 .debug_frame   0x0000000000002c80       0x20 d:/mounriver/mounriver_studio/toolchain/risc-v embedded gcc/bin/../lib/gcc/riscv-none-embed/8.2.0/../../../../riscv-none-embed/lib\libg_nano.a(lib_a-memmove.o)
 .debug_frame   0x0000000000002ca0       0x30 d:/mounriver/mounriver_studio/toolchain/risc-v embedded gcc/bin/../lib/gcc/riscv-none-embed/8.2.0/../../../../riscv-none-embed/lib\libg_nano.a(lib_a-mlock.o)
 .debug_frame   0x0000000000002cd0       0x40 d:/mounriver/mounriver_studio/toolchain/risc-v embedded gcc/bin/../lib/gcc/riscv-none-embed/8.2.0/../../../../riscv-none-embed/lib\libg_nano.a(lib_a-nano-reallocr.o)
 .debug_frame   0x0000000000002d10       0x30 d:/mounriver/mounriver_studio/toolchain/risc-v embedded gcc/bin/../lib/gcc/riscv-none-embed/8.2.0/../../../../riscv-none-embed/lib\libg_nano.a(lib_a-readr.o)
 .debug_frame   0x0000000000002d40       0x70 d:/mounriver/mounriver_studio/toolchain/risc-v embedded gcc/bin/../lib/gcc/riscv-none-embed/8.2.0/../../../../riscv-none-embed/lib\libg_nano.a(lib_a-reent.o)
 .debug_frame   0x0000000000002db0       0x30 d:/mounriver/mounriver_studio/toolchain/risc-v embedded gcc/bin/../lib/gcc/riscv-none-embed/8.2.0/../../../../riscv-none-embed/lib\libg_nano.a(lib_a-wctomb_r.o)
 .debug_frame   0x0000000000002de0       0x20 d:/mounriver/mounriver_studio/toolchain/risc-v embedded gcc/bin/../lib/gcc/riscv-none-embed/8.2.0/../../../../riscv-none-embed/lib\libg_nano.a(lib_a-nano-msizer.o)
 .debug_frame   0x0000000000002e00       0x44 d:/mounriver/mounriver_studio/toolchain/risc-v embedded gcc/bin/../lib/gcc/riscv-none-embed/8.2.0\libgcc.a(adddf3.o)
 .debug_frame   0x0000000000002e44       0x20 d:/mounriver/mounriver_studio/toolchain/risc-v embedded gcc/bin/../lib/gcc/riscv-none-embed/8.2.0\libgcc.a(eqdf2.o)
 .debug_frame   0x0000000000002e64       0x20 d:/mounriver/mounriver_studio/toolchain/risc-v embedded gcc/bin/../lib/gcc/riscv-none-embed/8.2.0\libgcc.a(gedf2.o)
 .debug_frame   0x0000000000002e84       0x20 d:/mounriver/mounriver_studio/toolchain/risc-v embedded gcc/bin/../lib/gcc/riscv-none-embed/8.2.0\libgcc.a(ledf2.o)
 .debug_frame   0x0000000000002ea4       0x54 d:/mounriver/mounriver_studio/toolchain/risc-v embedded gcc/bin/../lib/gcc/riscv-none-embed/8.2.0\libgcc.a(muldf3.o)
 .debug_frame   0x0000000000002ef8       0x20 d:/mounriver/mounriver_studio/toolchain/risc-v embedded gcc/bin/../lib/gcc/riscv-none-embed/8.2.0\libgcc.a(unorddf2.o)
 .debug_frame   0x0000000000002f18       0x20 d:/mounriver/mounriver_studio/toolchain/risc-v embedded gcc/bin/../lib/gcc/riscv-none-embed/8.2.0\libgcc.a(fixdfsi.o)
 .debug_frame   0x0000000000002f38       0x38 d:/mounriver/mounriver_studio/toolchain/risc-v embedded gcc/bin/../lib/gcc/riscv-none-embed/8.2.0\libgcc.a(floatsidf.o)
 .debug_frame   0x0000000000002f70       0x2c d:/mounriver/mounriver_studio/toolchain/risc-v embedded gcc/bin/../lib/gcc/riscv-none-embed/8.2.0\libgcc.a(trunctfdf2.o)
 .debug_frame   0x0000000000002f9c       0x20 d:/mounriver/mounriver_studio/toolchain/risc-v embedded gcc/bin/../lib/gcc/riscv-none-embed/8.2.0/../../../../riscv-none-embed/lib\libnosys.a(close.o)
 .debug_frame   0x0000000000002fbc       0x20 d:/mounriver/mounriver_studio/toolchain/risc-v embedded gcc/bin/../lib/gcc/riscv-none-embed/8.2.0/../../../../riscv-none-embed/lib\libnosys.a(fstat.o)
 .debug_frame   0x0000000000002fdc       0x20 d:/mounriver/mounriver_studio/toolchain/risc-v embedded gcc/bin/../lib/gcc/riscv-none-embed/8.2.0/../../../../riscv-none-embed/lib\libnosys.a(isatty.o)
 .debug_frame   0x0000000000002ffc       0x20 d:/mounriver/mounriver_studio/toolchain/risc-v embedded gcc/bin/../lib/gcc/riscv-none-embed/8.2.0/../../../../riscv-none-embed/lib\libnosys.a(lseek.o)
 .debug_frame   0x000000000000301c       0x20 d:/mounriver/mounriver_studio/toolchain/risc-v embedded gcc/bin/../lib/gcc/riscv-none-embed/8.2.0/../../../../riscv-none-embed/lib\libnosys.a(read.o)

.debug_loc      0x0000000000000000     0x7755
 .debug_loc     0x0000000000000000      0x257 ./User/main.o
 .debug_loc     0x0000000000000257       0xda ./User/system_ch32v30x.o
 .debug_loc     0x0000000000000331       0x7c ./Peripheral/src/ch32v30x_dbgmcu.o
 .debug_loc     0x00000000000003ad      0x657 ./Peripheral/src/ch32v30x_gpio.o
 .debug_loc     0x0000000000000a04      0x70d ./Peripheral/src/ch32v30x_i2c.o
 .debug_loc     0x0000000000001111      0xadb ./Peripheral/src/ch32v30x_rcc.o
 .debug_loc     0x0000000000001bec      0x7bb ./Peripheral/src/ch32v30x_usart.o
 .debug_loc     0x00000000000023a7      0x330 ./FreeRTOS/portable/MemMang/heap_4.o
 .debug_loc     0x00000000000026d7       0xad ./FreeRTOS/portable/GCC/RISC-V/port.o
 .debug_loc     0x0000000000002784       0x94 ./FreeRTOS/list.o
 .debug_loc     0x0000000000002818     0x1b0a ./FreeRTOS/queue.o
 .debug_loc     0x0000000000004322     0x245f ./FreeRTOS/tasks.o
 .debug_loc     0x0000000000006781      0xe5d ./FreeRTOS/timers.o
 .debug_loc     0x00000000000075de      0x177 ./Debug/debug.o

.stab           0x0000000000000000       0x84
 .stab          0x0000000000000000       0x24 d:/mounriver/mounriver_studio/toolchain/risc-v embedded gcc/bin/../lib/gcc/riscv-none-embed/8.2.0/../../../../riscv-none-embed/lib\libnosys.a(close.o)
 .stab          0x0000000000000024       0x18 d:/mounriver/mounriver_studio/toolchain/risc-v embedded gcc/bin/../lib/gcc/riscv-none-embed/8.2.0/../../../../riscv-none-embed/lib\libnosys.a(fstat.o)
                                         0x24 (size before relaxing)
 .stab          0x000000000000003c       0x18 d:/mounriver/mounriver_studio/toolchain/risc-v embedded gcc/bin/../lib/gcc/riscv-none-embed/8.2.0/../../../../riscv-none-embed/lib\libnosys.a(isatty.o)
                                         0x24 (size before relaxing)
 .stab          0x0000000000000054       0x18 d:/mounriver/mounriver_studio/toolchain/risc-v embedded gcc/bin/../lib/gcc/riscv-none-embed/8.2.0/../../../../riscv-none-embed/lib\libnosys.a(lseek.o)
                                         0x24 (size before relaxing)
 .stab          0x000000000000006c       0x18 d:/mounriver/mounriver_studio/toolchain/risc-v embedded gcc/bin/../lib/gcc/riscv-none-embed/8.2.0/../../../../riscv-none-embed/lib\libnosys.a(read.o)
                                         0x24 (size before relaxing)

.stabstr        0x0000000000000000      0x117
 .stabstr       0x0000000000000000      0x117 d:/mounriver/mounriver_studio/toolchain/risc-v embedded gcc/bin/../lib/gcc/riscv-none-embed/8.2.0/../../../../riscv-none-embed/lib\libnosys.a(close.o)